Archive member included to satisfy reference by file (symbol)

D:/devkitPro/libctru/lib\libcitro2d.a(base.o)
                              main.o (C2D_Init)
D:/devkitPro/libctru/lib\libcitro2d.a(spritesheet.o)
                              main.o (C2D_SpriteSheetLoad)
D:/devkitPro/libctru/lib\libcitro2d.a(render2d.shbin.o)
                              D:/devkitPro/libctru/lib\libcitro2d.a(base.o) (render2d_shbin)
D:/devkitPro/libctru/lib\libcitro3d.a(attribs.o)
                              D:/devkitPro/libctru/lib\libcitro2d.a(base.o) (AttrInfo_Init)
D:/devkitPro/libctru/lib\libcitro3d.a(base.o)
                              D:/devkitPro/libctru/lib\libcitro3d.a(attribs.o) (__C3D_Context)
D:/devkitPro/libctru/lib\libcitro3d.a(buffers.o)
                              D:/devkitPro/libctru/lib\libcitro2d.a(base.o) (BufInfo_Init)
D:/devkitPro/libctru/lib\libcitro3d.a(drawElements.o)
                              D:/devkitPro/libctru/lib\libcitro2d.a(base.o) (C3D_DrawElements)
D:/devkitPro/libctru/lib\libcitro3d.a(effect.o)
                              D:/devkitPro/libctru/lib\libcitro3d.a(base.o) (C3D_DepthMap)
D:/devkitPro/libctru/lib\libcitro3d.a(framebuffer.o)
                              D:/devkitPro/libctru/lib\libcitro3d.a(base.o) (C3Di_FrameBufBind)
D:/devkitPro/libctru/lib\libcitro3d.a(immediate.o)
                              D:/devkitPro/libctru/lib\libcitro3d.a(base.o) (C3D_ImmSendAttrib)
D:/devkitPro/libctru/lib\libcitro3d.a(proctex.o)
                              D:/devkitPro/libctru/lib\libcitro2d.a(base.o) (C3D_ProcTexInit)
D:/devkitPro/libctru/lib\libcitro3d.a(renderqueue.o)
                              D:/devkitPro/libctru/lib\libcitro3d.a(base.o) (C3Di_RenderQueueEnableVBlank)
D:/devkitPro/libctru/lib\libcitro3d.a(tex3ds.o)
                              D:/devkitPro/libctru/lib\libcitro2d.a(spritesheet.o) (Tex3DS_TextureImport)
D:/devkitPro/libctru/lib\libcitro3d.a(texenv.o)
                              D:/devkitPro/libctru/lib\libcitro2d.a(base.o) (C3D_GetTexEnv)
D:/devkitPro/libctru/lib\libcitro3d.a(texture.o)
                              D:/devkitPro/libctru/lib\libcitro3d.a(tex3ds.o) (C3D_TexInitWithParams)
D:/devkitPro/libctru/lib\libcitro3d.a(uniforms.o)
                              D:/devkitPro/libctru/lib\libcitro3d.a(base.o) (C3D_UpdateUniforms)
D:/devkitPro/libctru/lib\libcitro3d.a(mtx_multiply.o)
                              D:/devkitPro/libctru/lib\libcitro2d.a(base.o) (Mtx_Multiply)
D:/devkitPro/libctru/lib\libcitro3d.a(mtx_ortho.o)
                              D:/devkitPro/libctru/lib\libcitro2d.a(base.o) (Mtx_Ortho)
D:/devkitPro/libctru/lib\libcitro3d.a(mtx_orthotilt.o)
                              D:/devkitPro/libctru/lib\libcitro2d.a(base.o) (Mtx_OrthoTilt)
D:/devkitPro/libctru/lib\libcitro3d.a(mtx_rotatez.o)
                              D:/devkitPro/libctru/lib\libcitro2d.a(base.o) (Mtx_RotateZ)
D:/devkitPro/libctru/lib\libcitro3d.a(mtx_scale.o)
                              D:/devkitPro/libctru/lib\libcitro2d.a(base.o) (Mtx_Scale)
D:/devkitPro/libctru/lib\libcitro3d.a(mtx_translate.o)
                              D:/devkitPro/libctru/lib\libcitro2d.a(base.o) (Mtx_Translate)
D:/devkitPro/libctru/lib\libctru.a(linear.o)
                              D:/devkitPro/libctru/lib\libcitro2d.a(base.o) (linearAlloc)
D:/devkitPro/libctru/lib\libctru.a(mem_pool.o)
                              D:/devkitPro/libctru/lib\libctru.a(linear.o) (_ZN7MemPool8AllocateER8MemChunkmi)
D:/devkitPro/libctru/lib\libctru.a(vram.o)
                              D:/devkitPro/libctru/lib\libcitro3d.a(renderqueue.o) (vramAlloc)
D:/devkitPro/libctru/lib\libctru.a(console.o)
                              main.o (consoleSelect)
D:/devkitPro/libctru/lib\libctru.a(gfx.o)
                              D:/devkitPro/libctru/lib\libcitro2d.a(base.o) (gfxIsWide)
D:/devkitPro/libctru/lib\libctru.a(os.o)
                              D:/devkitPro/libctru/lib\libcitro3d.a(buffers.o) (osConvertVirtToPhys)
D:/devkitPro/libctru/lib\libctru.a(romfs_dev.o)
                              main.o (romfsMountSelf)
D:/devkitPro/libctru/lib\libctru.a(gpu.o)
                              D:/devkitPro/libctru/lib\libcitro3d.a(renderqueue.o) (gpuCmdBuf)
D:/devkitPro/libctru/lib\libctru.a(gx.o)
                              D:/devkitPro/libctru/lib\libcitro3d.a(renderqueue.o) (GX_BindQueue)
D:/devkitPro/libctru/lib\libctru.a(gxqueue.o)
                              D:/devkitPro/libctru/lib\libcitro3d.a(renderqueue.o) (gxCmdQueueClear)
D:/devkitPro/libctru/lib\libctru.a(shaderProgram.o)
                              D:/devkitPro/libctru/lib\libcitro2d.a(base.o) (shaderInstanceGetUniformLocation)
D:/devkitPro/libctru/lib\libctru.a(shbin.o)
                              D:/devkitPro/libctru/lib\libcitro2d.a(base.o) (DVLB_ParseFile)
D:/devkitPro/libctru/lib\libctru.a(apt.o)
                              D:/devkitPro/libctru/lib\libcitro3d.a(base.o) (aptHook)
D:/devkitPro/libctru/lib\libctru.a(fs.o)
[...]
Memory Configuration

Name             Origin             Length             Attributes
*default*        0x00000000         0xffffffff

Linker script and memory map

                0x00000000                        __sync_synchronize = __sync_synchronize_dmb
                0x00100000                        PROVIDE (__start__ = 0x100000)
                0x00100000                        . = __start__

.text           0x00100000    0x21f68
 *(.crt0)
 .crt0          0x00100000       0x94 D:/devkitPro/devkitARM/bin/../lib/gcc/arm-none-eabi/15.2.0/../../../../arm-none-eabi/lib/armv6k/fpu/3dsx_crt0.o
                0x00100000                _start
                0x00100008                __service_ptr
                0x0010000c                __apt_appid
                0x00100010                __heap_size
                0x00100014                __linear_heap_size
                0x00100018                __system_arglist
                0x0010001c                __system_runflags
 *(.init)
 .init          0x00100094        0xc D:/devkitPro/devkitARM/bin/../lib/gcc/arm-none-eabi/15.2.0/armv6k/fpu/crti.o
                0x00100094                _init
 .init          0x001000a0        0xc D:/devkitPro/devkitARM/bin/../lib/gcc/arm-none-eabi/15.2.0/armv6k/fpu/crtn.o
                0x001000ac                        . = ALIGN (0x4)
 *(.text)
 .text          0x001000ac      0x20c D:/devkitPro/devkitARM/bin/../lib/gcc/arm-none-eabi/15.2.0/armv6k/fpu\libgcc.a(_udivsi3.o)
                0x001000ac                __aeabi_uidiv
                0x001000ac                __udivsi3
                0x00100298                __aeabi_uidivmod
 .text          0x001002b8      0x240 D:/devkitPro/devkitARM/bin/../lib/gcc/arm-none-eabi/15.2.0/armv6k/fpu\libgcc.a(_divsi3.o)
                0x001002b8                __divsi3
                0x001002b8                __aeabi_idiv
                0x001004d8                __aeabi_idivmod
 .text          0x001004f8        0x4 D:/devkitPro/devkitARM/bin/../lib/gcc/arm-none-eabi/15.2.0/armv6k/fpu\libgcc.a(_dvmd_tls.o)
                0x001004f8                __aeabi_idiv0
                0x001004f8                __aeabi_ldiv0
 .text          0x001004fc      0x3c0 D:/devkitPro/devkitARM/bin/../lib/gcc/arm-none-eabi/15.2.0/armv6k/fpu\libgcc.a(_arm_addsubdf3.o)
                0x001004fc                __aeabi_drsub
                0x00100504                __aeabi_dsub
                0x00100504                __subdf3
                0x00100508                __aeabi_dadd
                0x00100508                __adddf3
                0x001007b4                __floatunsidf
                0x001007b4                __aeabi_ui2d
                0x001007d8                __floatsidf
                0x001007d8                __aeabi_i2d
                0x00100800                __aeabi_f2d
                0x00100800                __extendsfdf2
                0x00100848                __floatundidf
                0x00100848                __aeabi_ul2d
                0x0010085c                __floatdidf
                0x0010085c                __aeabi_l2d
 .text          0x001008bc       0xd4 D:/devkitPro/devkitARM/bin/../lib/gcc/arm-none-eabi/15.2.0/armv6k/fpu\libgcc.a(_aeabi_ldivmod.o)
                0x001008bc                __aeabi_ldivmod
 .text          0x00100990       0x3c D:/devkitPro/devkitARM/bin/../lib/gcc/arm-none-eabi/15.2.0/armv6k/fpu\libgcc.a(_aeabi_uldivmod.o)
                0x00100990                __aeabi_uldivmod
 *fill*         0x001009cc       0x14 
 .text          0x001009e0      0x390 D:/devkitPro/devkitARM/bin/../lib/gcc/arm-none-eabi/15.2.0/../../../../arm-none-eabi/lib/armv6k/fpu\libg.a(libc_a-strcmp.o)
                0x001009e8                strcmp
 *(.text.*)
 .text.__do_global_dtors_aux
                0x00100d70       0x50 D:/devkitPro/devkitARM/bin/../lib/gcc/arm-none-eabi/15.2.0/armv6k/fpu/crtbegin.o
 .text.frame_dummy
                0x00100dc0       0x2c D:/devkitPro/devkitARM/bin/../lib/gcc/arm-none-eabi/15.2.0/armv6k/fpu/crtbegin.o
 .text.startup.main
                0x00100dec      0x388 main.o
                0x00100dec                main
 .text.C2Di_FrameEndHook
                0x00101174       0x44 D:/devkitPro/libctru/lib\libcitro2d.a(base.o)
 .text.C2D_Init
                0x001011b8      0x36c D:/devkitPro/libctru/lib\libcitro2d.a(base.o)
                0x001011b8                C2D_Init
 .text.C2D_Fini
                0x00101524       0x4c D:/devkitPro/libctru/lib\libcitro2d.a(base.o)
                0x00101524                C2D_Fini
 .text.C2D_Prepare
                0x00101570       0xb8 D:/devkitPro/libctru/lib\libcitro2d.a(base.o)
                0x00101570                C2D_Prepare
 .text.C2D_Flush
                0x00101628       0x48 D:/devkitPro/libctru/lib\libcitro2d.a(base.o)
                0x00101628                C2D_Flush
 .text.C2D_SceneSize
                0x00101670      0x104 D:/devkitPro/libctru/lib\libcitro2d.a(base.o)
                0x00101670                C2D_SceneSize
 .text.C2D_CreateScreenTarget
                0x00101774       0x58 D:/devkitPro/libctru/lib\libcitro2d.a(base.o)
                0x00101774                C2D_CreateScreenTarget
 .text.C2D_TargetClear
                0x001017cc       0x64 D:/devkitPro/libctru/lib\libcitro2d.a(base.o)
                0x001017cc                C2D_TargetClear
 .text.C2Di_CalcQuad
                0x00101830      0x13c D:/devkitPro/libctru/lib\libcitro2d.a(base.o)
                0x00101830                C2Di_CalcQuad
 .text.C2Di_AppendQuad
                0x0010196c       0x58 D:/devkitPro/libctru/lib\libcitro2d.a(base.o)
                0x0010196c                C2Di_AppendQuad
 .text.C2Di_Update
                0x001019c4      0x550 D:/devkitPro/libctru/lib\libcitro2d.a(base.o)
                0x001019c4                C2Di_Update
 .text.C2D_DrawImage
                0x00101f14      0x2b0 D:/devkitPro/libctru/lib\libcitro2d.a(base.o)
                0x00101f14                C2D_DrawImage
 .text.C2D_SpriteSheetLoadFromHandle
                0x001021c4       0x6c D:/devkitPro/libctru/lib\libcitro2d.a(spritesheet.o)
                0x001021c4                C2D_SpriteSheetLoadFromHandle
 .text.C2D_SpriteSheetLoad
                0x00102230       0x48 D:/devkitPro/libctru/lib\libcitro2d.a(spritesheet.o)
                0x00102230                C2D_SpriteSheetLoad
 .text.C2D_SpriteSheetGetImage
                0x00102278       0x2c D:/devkitPro/libctru/lib\libcitro2d.a(spritesheet.o)
                0x00102278                C2D_SpriteSheetGetImage
 .text.AttrInfo_Init
                0x001022a4       0x28 D:/devkitPro/libctru/lib\libcitro3d.a(attribs.o)
                0x001022a4                AttrInfo_Init
 .text.AttrInfo_AddLoader
                0x001022cc       0x94 D:/devkitPro/libctru/lib\libcitro3d.a(attribs.o)
                0x001022cc                AttrInfo_AddLoader
 .text.C3D_SetAttrInfo
                0x00102360       0x54 D:/devkitPro/libctru/lib\libcitro3d.a(attribs.o)
                0x00102360                C3D_SetAttrInfo
 .text.C3Di_AttrInfoBind
                0x001023b4       0x80 D:/devkitPro/libctru/lib\libcitro3d.a(attribs.o)
                0x001023b4                C3Di_AttrInfoBind
 .text.C3Di_LightEnvUpdate
                0x00102434        0x4 D:/devkitPro/libctru/lib\libcitro3d.a(base.o)
                0x00102434                C3Di_LightEnvUpdate
 .text.C3Di_LightEnvDirty
                0x00102438        0x4 D:/devkitPro/libctru/lib\libcitro3d.a(base.o)
                0x00102438                C3Di_LightEnvDirty
 .text.C3Di_AptEventHook
                0x0010243c       0xb4 D:/devkitPro/libctru/lib\libcitro3d.a(base.o)
 .text.C3Di_GasUpdate
                0x001024f0        0x4 D:/devkitPro/libctru/lib\libcitro3d.a(base.o)
                0x001024f0                C3Di_GasUpdate
 .text.C3D_Init
                0x001024f4      0x1d0 D:/devkitPro/libctru/lib\libcitro3d.a(base.o)
                0x001024f4                C3D_Init
 .text.C3D_SetViewport
                0x001026c4       0x98 D:/devkitPro/libctru/lib\libcitro3d.a(base.o)
                0x001026c4                C3D_SetViewport
 .text.C3Di_UpdateContext
                0x0010275c      0x4e8 D:/devkitPro/libctru/lib\libcitro3d.a(base.o)
                0x0010275c                C3Di_UpdateContext
 .text.C3Di_SplitFrame
                0x00102c44       0xe0 D:/devkitPro/libctru/lib\libcitro3d.a(base.o)
                0x00102c44                C3Di_SplitFrame
 .text.C3D_Fini
                0x00102d24       0x44 D:/devkitPro/libctru/lib\libcitro3d.a(base.o)
                0x00102d24                C3D_Fini
 .text.C3D_BindProgram
                0x00102d68      0x194 D:/devkitPro/libctru/lib\libcitro3d.a(base.o)
                0x00102d68                C3D_BindProgram
 .text.BufInfo_Init
                0x00102efc       0x24 D:/devkitPro/libctru/lib\libcitro3d.a(buffers.o)
                0x00102efc                BufInfo_Init
 .text.BufInfo_Add
                0x00102f20       0x80 D:/devkitPro/libctru/lib\libcitro3d.a(buffers.o)
                0x00102f20                BufInfo_Add
 .text.C3D_SetBufInfo
                0x00102fa0       0x3c D:/devkitPro/libctru/lib\libcitro3d.a(buffers.o)
                0x00102fa0                C3D_SetBufInfo
 .text.C3Di_BufInfoBind
                0x00102fdc       0x48 D:/devkitPro/libctru/lib\libcitro3d.a(buffers.o)
                0x00102fdc                C3Di_BufInfoBind
 .text.C3D_DrawElements
                0x00103024      0x21c D:/devkitPro/libctru/lib\libcitro3d.a(drawElements.o)
                0x00103024                C3D_DrawElements
 .text.C3D_DepthMap
                0x00103240       0x40 D:/devkitPro/libctru/lib\libcitro3d.a(effect.o)
                0x00103240                C3D_DepthMap
 .text.C3D_CullFace
                0x00103280       0x1c D:/devkitPro/libctru/lib\libcitro3d.a(effect.o)
                0x00103280                C3D_CullFace
 .text.C3D_StencilTest
                0x0010329c       0x40 D:/devkitPro/libctru/lib\libcitro3d.a(effect.o)
                0x0010329c                C3D_StencilTest
 .text.C3D_StencilOp
                0x001032dc       0x24 D:/devkitPro/libctru/lib\libcitro3d.a(effect.o)
                0x001032dc                C3D_StencilOp
 .text.C3D_BlendingColor
                0x00103300       0x1c D:/devkitPro/libctru/lib\libcitro3d.a(effect.o)
                0x00103300                C3D_BlendingColor
 .text.C3D_EarlyDepthTest
                0x0010331c       0x24 D:/devkitPro/libctru/lib\libcitro3d.a(effect.o)
                0x0010331c                C3D_EarlyDepthTest
 .text.C3D_DepthTest
                0x00103340       0x2c D:/devkitPro/libctru/lib\libcitro3d.a(effect.o)
                0x00103340                C3D_DepthTest
 .text.C3D_AlphaTest
                0x0010336c       0x2c D:/devkitPro/libctru/lib\libcitro3d.a(effect.o)
                0x0010336c                C3D_AlphaTest
 .text.C3D_AlphaBlend
                0x00103398       0x50 D:/devkitPro/libctru/lib\libcitro3d.a(effect.o)
                0x00103398                C3D_AlphaBlend
 .text.C3D_FragOpMode
                0x001033e8       0x30 D:/devkitPro/libctru/lib\libcitro3d.a(effect.o)
                0x001033e8                C3D_FragOpMode
 .text.C3D_FragOpShadow
                0x00103418       0x44 D:/devkitPro/libctru/lib\libcitro3d.a(effect.o)
                0x00103418                C3D_FragOpShadow
 .text.C3Di_EffectBind
                0x0010345c      0x1ac D:/devkitPro/libctru/lib\libcitro3d.a(effect.o)
                0x0010345c                C3Di_EffectBind
 .text.C3D_CalcColorBufSize
                0x00103608       0x1c D:/devkitPro/libctru/lib\libcitro3d.a(framebuffer.o)
                0x00103608                C3D_CalcColorBufSize
 .text.C3D_CalcDepthBufSize
                0x00103624       0x1c D:/devkitPro/libctru/lib\libcitro3d.a(framebuffer.o)
                0x00103624                C3D_CalcDepthBufSize
 .text.C3D_SetFrameBuf
                0x00103640       0x44 D:/devkitPro/libctru/lib\libcitro3d.a(framebuffer.o)
                0x00103640                C3D_SetFrameBuf
 .text.C3Di_FrameBufBind
                0x00103684      0x16c D:/devkitPro/libctru/lib\libcitro3d.a(framebuffer.o)
                0x00103684                C3Di_FrameBufBind
 .text.C3D_FrameBufClear
                0x001037f0       0xc8 D:/devkitPro/libctru/lib\libcitro3d.a(framebuffer.o)
                0x001037f0                C3D_FrameBufClear
 .text.C3D_FrameBufTransfer
                0x001038b8       0x44 D:/devkitPro/libctru/lib\libcitro3d.a(framebuffer.o)
                0x001038b8                C3D_FrameBufTransfer
 .text.C3D_ImmSendAttrib
                0x001038fc       0xa8 D:/devkitPro/libctru/lib\libcitro3d.a(immediate.o)
                0x001038fc                C3D_ImmSendAttrib
 .text.C3D_ProcTexInit
                0x001039a4       0x70 D:/devkitPro/libctru/lib\libcitro3d.a(proctex.o)
                0x001039a4                C3D_ProcTexInit
 .text.C3D_ProcTexBind
                0x00103a14       0x54 D:/devkitPro/libctru/lib\libcitro3d.a(proctex.o)
                0x00103a14                C3D_ProcTexBind
 .text.C3D_ProcTexLutBind
                0x00103a68       0x5c D:/devkitPro/libctru/lib\libcitro3d.a(proctex.o)
                0x00103a68                C3D_ProcTexLutBind
 .text.ProcTexLut_FromArray
                0x00103ac4       0xa4 D:/devkitPro/libctru/lib\libcitro3d.a(proctex.o)
                0x00103ac4                ProcTexLut_FromArray
 .text.C3Di_ProcTexUpdate
                0x00103b68      0x178 D:/devkitPro/libctru/lib\libcitro3d.a(proctex.o)
                0x00103b68                C3Di_ProcTexUpdate
 .text.C3Di_ProcTexDirty
                0x00103ce0       0x68 D:/devkitPro/libctru/lib\libcitro3d.a(proctex.o)
                0x00103ce0                C3Di_ProcTexDirty
 .text.onVBlank0
                0x00103d48       0x4c D:/devkitPro/libctru/lib\libcitro3d.a(renderqueue.o)
 .text.onVBlank1
                0x00103d94       0x4c D:/devkitPro/libctru/lib\libcitro3d.a(renderqueue.o)
 .text.C3Di_RenderTargetDestroy
                0x00103de0       0x80 D:/devkitPro/libctru/lib\libcitro3d.a(renderqueue.o)
 .text.onQueueFinish
                0x00103e60       0xf4 D:/devkitPro/libctru/lib\libcitro3d.a(renderqueue.o)
 .text.C3Di_RenderQueueEnableVBlank
                0x00103f54       0x38 D:/devkitPro/libctru/lib\libcitro3d.a(renderqueue.o)
                0x00103f54                C3Di_RenderQueueEnableVBlank
 .text.C3Di_RenderQueueDisableVBlank
                0x00103f8c       0x30 D:/devkitPro/libctru/lib\libcitro3d.a(renderqueue.o)
                0x00103f8c                C3Di_RenderQueueDisableVBlank
 .text.C3Di_RenderQueueInit
                0x00103fbc       0x60 D:/devkitPro/libctru/lib\libcitro3d.a(renderqueue.o)
                0x00103fbc                C3Di_RenderQueueInit
 .text.C3Di_RenderQueueExit
                0x0010401c       0xb4 D:/devkitPro/libctru/lib\libcitro3d.a(renderqueue.o)
                0x0010401c                C3Di_RenderQueueExit
 .text.C3Di_RenderQueueWaitDone
                0x001040d0       0x34 D:/devkitPro/libctru/lib\libcitro3d.a(renderqueue.o)
                0x001040d0                C3Di_RenderQueueWaitDone
 .text.C3D_FrameBegin
                0x00104104       0xe8 D:/devkitPro/libctru/lib\libcitro3d.a(renderqueue.o)
                0x00104104                C3D_FrameBegin
 .text.C3D_FrameDrawOn
                0x001041ec       0x48 D:/devkitPro/libctru/lib\libcitro3d.a(renderqueue.o)
                0x001041ec                C3D_FrameDrawOn
 .text.C3D_FrameSplit
                0x00104234       0x58 D:/devkitPro/libctru/lib\libcitro3d.a(renderqueue.o)
                0x00104234                C3D_FrameSplit
 .text.C3D_FrameEnd
                0x0010428c      0x1d0 D:/devkitPro/libctru/lib\libcitro3d.a(renderqueue.o)
                0x0010428c                C3D_FrameEnd
 .text.C3D_FrameEndHook
                0x0010445c       0x1c D:/devkitPro/libctru/lib\libcitro3d.a(renderqueue.o)
                0x0010445c                C3D_FrameEndHook
 .text.C3D_RenderTargetCreate
                0x00104478      0x170 D:/devkitPro/libctru/lib\libcitro3d.a(renderqueue.o)
                0x00104478                C3D_RenderTargetCreate
 .text.C3D_RenderTargetSetOutput
                0x001045e8       0xa8 D:/devkitPro/libctru/lib\libcitro3d.a(renderqueue.o)
                0x001045e8                C3D_RenderTargetSetOutput
 .text.C3D_SyncTextureCopy
                0x00104690       0xfc D:/devkitPro/libctru/lib\libcitro3d.a(renderqueue.o)
                0x00104690                C3D_SyncTextureCopy
 .text.Tex3DSi_ImportCommon
                0x0010478c      0x3d8 D:/devkitPro/libctru/lib\libcitro3d.a(tex3ds.o)
 .text.Tex3DS_TextureImportStdio
                0x00104b64       0x38 D:/devkitPro/libctru/lib\libcitro3d.a(tex3ds.o)
                0x00104b64                Tex3DS_TextureImportStdio
 .text.Tex3DS_GetSubTexture
                0x00104b9c       0x1c D:/devkitPro/libctru/lib\libcitro3d.a(tex3ds.o)
                0x00104b9c                Tex3DS_GetSubTexture
 .text.C3D_GetTexEnv
                0x00104bb8       0x34 D:/devkitPro/libctru/lib\libcitro3d.a(texenv.o)
                0x00104bb8                C3D_GetTexEnv
 .text.C3Di_TexEnvBind
                0x00104bec       0x24 D:/devkitPro/libctru/lib\libcitro3d.a(texenv.o)
                0x00104bec                C3Di_TexEnvBind
 .text.C3D_TexInitWithParams
                0x00104c10      0x290 D:/devkitPro/libctru/lib\libcitro3d.a(texture.o)
                0x00104c10                C3D_TexInitWithParams
 .text.C3D_TexLoadImage
                0x00104ea0       0xc8 D:/devkitPro/libctru/lib\libcitro3d.a(texture.o)
                0x00104ea0                C3D_TexLoadImage
 .text.C3D_TexBind
                0x00104f68       0x44 D:/devkitPro/libctru/lib\libcitro3d.a(texture.o)
                0x00104f68                C3D_TexBind
 .text.C3D_TexDelete
                0x00104fac       0x74 D:/devkitPro/libctru/lib\libcitro3d.a(texture.o)
                0x00104fac                C3D_TexDelete
 .text.C3Di_SetTex
                0x00105020      0x14c D:/devkitPro/libctru/lib\libcitro3d.a(texture.o)
                0x00105020                C3Di_SetTex
 .text.C3D_UpdateUniforms
                0x0010516c      0x290 D:/devkitPro/libctru/lib\libcitro3d.a(uniforms.o)
                0x0010516c                C3D_UpdateUniforms
 .text.C3Di_DirtyUniforms
                0x001053fc       0xc0 D:/devkitPro/libctru/lib\libcitro3d.a(uniforms.o)
                0x001053fc                C3Di_DirtyUniforms
 .text.C3Di_LoadShaderUniforms
                0x001054bc       0xd8 D:/devkitPro/libctru/lib\libcitro3d.a(uniforms.o)
                0x001054bc                C3Di_LoadShaderUniforms
 .text.C3Di_ClearShaderUniforms
                0x00105594       0x28 D:/devkitPro/libctru/lib\libcitro3d.a(uniforms.o)
                0x00105594                C3Di_ClearShaderUniforms
 .text.Mtx_Ortho
                0x001055bc       0xcc D:/devkitPro/libctru/lib\libcitro3d.a(mtx_ortho.o)
                0x001055bc                Mtx_Ortho
 .text.Mtx_OrthoTilt
                0x00105688       0xcc D:/devkitPro/libctru/lib\libcitro3d.a(mtx_orthotilt.o)
                0x00105688                Mtx_OrthoTilt
 .text._ZL21addrMapNodeComparatorPK11rbtree_nodeS1_
                0x00105754       0x24 D:/devkitPro/libctru/lib\libctru.a(linear.o)
 .text._ZL21addrMapNodeDestructorP11rbtree_node
                0x00105778        0x4 D:/devkitPro/libctru/lib\libctru.a(linear.o)
 .text.linearMemAlign
                0x0010577c      0x12c D:/devkitPro/libctru/lib\libctru.a(linear.o)
                0x0010577c                linearMemAlign
 .text.linearAlloc
                0x001058a8        0x8 D:/devkitPro/libctru/lib\libctru.a(linear.o)
                0x001058a8                linearAlloc
 .text.linearFree
                0x001058b0       0x5c D:/devkitPro/libctru/lib\libctru.a(linear.o)
                0x001058b0                linearFree
 .text._ZN7MemPool13CoalesceRightEP8MemBlock
                0x0010590c       0x88 D:/devkitPro/libctru/lib\libctru.a(mem_pool.o)
                0x0010590c                _ZN7MemPool13CoalesceRightEP8MemBlock
 .text._ZN7MemPool8AllocateER8MemChunkmi
                0x00105994      0x178 D:/devkitPro/libctru/lib\libctru.a(mem_pool.o)
                0x00105994                _ZN7MemPool8AllocateER8MemChunkmi
 .text._ZN7MemPool10DeallocateERK8MemChunk
                0x00105b0c      0x118 D:/devkitPro/libctru/lib\libctru.a(mem_pool.o)
                0x00105b0c                _ZN7MemPool10DeallocateERK8MemChunk
 .text._ZN7MemPool12GetFreeSpaceEv
                0x00105c24       0x30 D:/devkitPro/libctru/lib\libctru.a(mem_pool.o)
                0x00105c24                _ZN7MemPool12GetFreeSpaceEv
 .text._ZL21addrMapNodeComparatorPK11rbtree_nodeS1_
                0x00105c54       0x24 D:/devkitPro/libctru/lib\libctru.a(vram.o)
 .text._ZL21addrMapNodeDestructorP11rbtree_node
                0x00105c78        0x4 D:/devkitPro/libctru/lib\libctru.a(vram.o)
 .text.vramMemAlignAt
                0x00105c7c      0x248 D:/devkitPro/libctru/lib\libctru.a(vram.o)
                0x00105c7c                vramMemAlignAt
 .text.vramAlloc
                0x00105ec4        0xc D:/devkitPro/libctru/lib\libctru.a(vram.o)
                0x00105ec4                vramAlloc
 .text.vramAllocAt
                0x00105ed0        0xc D:/devkitPro/libctru/lib\libctru.a(vram.o)
                0x00105ed0                vramAllocAt
 .text.vramFree
                0x00105edc       0x94 D:/devkitPro/libctru/lib\libctru.a(vram.o)
                0x00105edc                vramFree
 .text.consoleSelect
                0x00105f70       0x18 D:/devkitPro/libctru/lib\libctru.a(console.o)
                0x00105f70                consoleSelect
 .text.consoleDrawChar
                0x00105f88      0x1c8 D:/devkitPro/libctru/lib\libctru.a(console.o)
                0x00105f88                consoleDrawChar
 .text.consolePrintChar
                0x00106150      0x170 D:/devkitPro/libctru/lib\libctru.a(console.o)
                0x00106150                consolePrintChar
 .text.con_write
                0x001062c0      0xcc8 D:/devkitPro/libctru/lib\libctru.a(console.o)
                0x001062c0                con_write
 .text.newRow   0x00106f88       0xfc D:/devkitPro/libctru/lib\libctru.a(console.o)
 .text.consoleInit
                0x00107084      0x180 D:/devkitPro/libctru/lib\libctru.a(console.o)
                0x00107084                consoleInit
 .text.gfxPresentFramebuffer
                0x00107204       0xcc D:/devkitPro/libctru/lib\libctru.a(gfx.o)
 .text.gfxIsWide
                0x001072d0       0x1c D:/devkitPro/libctru/lib\libctru.a(gfx.o)
                0x001072d0                gfxIsWide
 .text.gfxSetScreenFormat
                0x001072ec       0xf8 D:/devkitPro/libctru/lib\libctru.a(gfx.o)
                0x001072ec                gfxSetScreenFormat
 .text.gfxSetDoubleBuffering
                0x001073e4       0x10 D:/devkitPro/libctru/lib\libctru.a(gfx.o)
                0x001073e4                gfxSetDoubleBuffering
 .text.gfxInit  0x001073f4       0xd8 D:/devkitPro/libctru/lib\libctru.a(gfx.o)
                0x001073f4                gfxInit
 .text.gfxInitDefault
                0x001074cc       0x10 D:/devkitPro/libctru/lib\libctru.a(gfx.o)
                0x001074cc                gfxInitDefault
 .text.gfxExit  0x001074dc       0xb8 D:/devkitPro/libctru/lib\libctru.a(gfx.o)
                0x001074dc                gfxExit
 .text.gfxGetFramebuffer
                0x00107594       0xa0 D:/devkitPro/libctru/lib\libctru.a(gfx.o)
                0x00107594                gfxGetFramebuffer
 .text.gfxFlushBuffers
                0x00107634      0x100 D:/devkitPro/libctru/lib\libctru.a(gfx.o)
                0x00107634                gfxFlushBuffers
 .text.gfxScreenSwapBuffers
                0x00107734       0x28 D:/devkitPro/libctru/lib\libctru.a(gfx.o)
                0x00107734                gfxScreenSwapBuffers
 .text.gfxSwapBuffersGpu
                0x0010775c       0x50 D:/devkitPro/libctru/lib\libctru.a(gfx.o)
                0x0010775c                gfxSwapBuffersGpu
 .text.osConvertVirtToPhys
                0x001077ac       0x74 D:/devkitPro/libctru/lib\libctru.a(os.o)
                0x001077ac                osConvertVirtToPhys
 .text.osGetTimeRef
                0x00107820       0x54 D:/devkitPro/libctru/lib\libctru.a(os.o)
                0x00107820                osGetTimeRef
 .text.osGetTime
                0x00107874       0xec D:/devkitPro/libctru/lib\libctru.a(os.o)
                0x00107874                osGetTime
 .text.__ctru_speedup_config
                0x00107960       0x34 D:/devkitPro/libctru/lib\libctru.a(os.o)
                0x00107960                __ctru_speedup_config
 .text.romfs_close
                0x00107994        0x8 D:/devkitPro/libctru/lib\libctru.a(romfs_dev.o)
 .text.romfs_seek
                0x0010799c       0xac D:/devkitPro/libctru/lib\libctru.a(romfs_dev.o)
 .text.romfs_dirreset
                0x00107a48       0x24 D:/devkitPro/libctru/lib\libctru.a(romfs_dev.o)
 .text.fill_dir
                0x00107a6c       0xc0 D:/devkitPro/libctru/lib\libctru.a(romfs_dev.o)
 .text.romfs_dirnext
                0x00107b2c      0x2ac D:/devkitPro/libctru/lib\libctru.a(romfs_dev.o)
 .text.romfs_free
                0x00107dd8       0x74 D:/devkitPro/libctru/lib\libctru.a(romfs_dev.o)
 .text.searchForFile.constprop.0
                0x00107e4c       0xd0 D:/devkitPro/libctru/lib\libctru.a(romfs_dev.o)
 .text.searchForDir.constprop.0
                0x00107f1c       0xd4 D:/devkitPro/libctru/lib\libctru.a(romfs_dev.o)
 .text.navigateToDir.constprop.0
                0x00107ff0      0x1c0 D:/devkitPro/libctru/lib\libctru.a(romfs_dev.o)
 .text.romfs_open
                0x001081b0      0x114 D:/devkitPro/libctru/lib\libctru.a(romfs_dev.o)
 .text.romfs_chdir
                0x001082c4       0x4c D:/devkitPro/libctru/lib\libctru.a(romfs_dev.o)
 .text.romfs_diropen
                0x00108310       0x68 D:/devkitPro/libctru/lib\libctru.a(romfs_dev.o)
 .text.romfs_stat
                0x00108378      0x178 D:/devkitPro/libctru/lib\libctru.a(romfs_dev.o)
 .text.romfs_dirclose
                0x001084f0        0x8 D:/devkitPro/libctru/lib\libctru.a(romfs_dev.o)
 .text.romfs_fstat
                0x001084f8       0x7c D:/devkitPro/libctru/lib\libctru.a(romfs_dev.o)
 .text.romfs_read
                0x00108574       0xd0 D:/devkitPro/libctru/lib\libctru.a(romfs_dev.o)
 .text.romfsMountFromFile
                0x00108644      0x294 D:/devkitPro/libctru/lib\libctru.a(romfs_dev.o)
                0x00108644                romfsMountFromFile
 .text.romfsMountFromCurrentProcess
                0x001088d8       0x98 D:/devkitPro/libctru/lib\libctru.a(romfs_dev.o)
                0x001088d8                romfsMountFromCurrentProcess
 .text.romfsMountSelf
                0x00108970      0x258 D:/devkitPro/libctru/lib\libctru.a(romfs_dev.o)
                0x00108970                romfsMountSelf
 .text.romfsUnmount
                0x00108bc8       0xa0 D:/devkitPro/libctru/lib\libctru.a(romfs_dev.o)
                0x00108bc8                romfsUnmount
 .text.GPUCMD_Add
                0x00108c68      0x13c D:/devkitPro/libctru/lib\libctru.a(gpu.o)
                0x00108c68                GPUCMD_Add
 .text.GPUCMD_Split
                0x00108da4       0xb0 D:/devkitPro/libctru/lib\libctru.a(gpu.o)
                0x00108da4                GPUCMD_Split
 .text.f32tof16
                0x00108e54       0x34 D:/devkitPro/libctru/lib\libctru.a(gpu.o)
                0x00108e54                f32tof16
 .text.f32tof24
                0x00108e88       0x34 D:/devkitPro/libctru/lib\libctru.a(gpu.o)
                0x00108e88                f32tof24
 .text.f32tof31
                0x00108ebc       0x38 D:/devkitPro/libctru/lib\libctru.a(gpu.o)
                0x00108ebc                f32tof31
 .text.GX_BindQueue
                0x00108ef4       0x10 D:/devkitPro/libctru/lib\libctru.a(gx.o)
                0x00108ef4                GX_BindQueue
 .text.GX_ProcessCommandList
                0x00108f04       0x7c D:/devkitPro/libctru/lib\libctru.a(gx.o)
                0x00108f04                GX_ProcessCommandList
 .text.GX_MemoryFill
                0x00108f80       0x74 D:/devkitPro/libctru/lib\libctru.a(gx.o)
                0x00108f80                GX_MemoryFill
 .text.GX_DisplayTransfer
                0x00108ff4       0x74 D:/devkitPro/libctru/lib\libctru.a(gx.o)
                0x00108ff4                GX_DisplayTransfer
 .text.GX_TextureCopy
                0x00109068       0x78 D:/devkitPro/libctru/lib\libctru.a(gx.o)
                0x00109068                GX_TextureCopy
 .text.gxCmdQueueDoCommands.part.0
                0x001090e0       0x64 D:/devkitPro/libctru/lib\libctru.a(gxqueue.o)
 .text.gxCmdQueueInterrupt
                0x00109144       0xe4 D:/devkitPro/libctru/lib\libctru.a(gxqueue.o)
                0x00109144                gxCmdQueueInterrupt
 .text.gxCmdQueueClear
                0x00109228       0x68 D:/devkitPro/libctru/lib\libctru.a(gxqueue.o)
                0x00109228                gxCmdQueueClear
 .text.gxCmdQueueAdd
                0x00109290      0x108 D:/devkitPro/libctru/lib\libctru.a(gxqueue.o)
                0x00109290                gxCmdQueueAdd
 .text.gxCmdQueueRun
                0x00109398       0x80 D:/devkitPro/libctru/lib\libctru.a(gxqueue.o)
                0x00109398                gxCmdQueueRun
 .text.gxCmdQueueStop
                0x00109418       0x64 D:/devkitPro/libctru/lib\libctru.a(gxqueue.o)
                0x00109418                gxCmdQueueStop
 .text.gxCmdQueueWait
                0x0010947c       0xac D:/devkitPro/libctru/lib\libctru.a(gxqueue.o)
                0x0010947c                gxCmdQueueWait
 .text.shaderInstanceInit
                0x00109528      0x1e0 D:/devkitPro/libctru/lib\libctru.a(shaderProgram.o)
                0x00109528                shaderInstanceInit
 .text.shaderInstanceGetUniformLocation
                0x00109708       0x18 D:/devkitPro/libctru/lib\libctru.a(shaderProgram.o)
                0x00109708                shaderInstanceGetUniformLocation
 .text.shaderProgramInit
                0x00109720       0x1c D:/devkitPro/libctru/lib\libctru.a(shaderProgram.o)
                0x00109720                shaderProgramInit
 .text.shaderProgramFree
                0x0010973c       0x74 D:/devkitPro/libctru/lib\libctru.a(shaderProgram.o)
                0x0010973c                shaderProgramFree
 .text.shaderProgramSetVsh
                0x001097b0       0x94 D:/devkitPro/libctru/lib\libctru.a(shaderProgram.o)
                0x001097b0                shaderProgramSetVsh
 .text.shaderProgramConfigure
                0x00109844      0x8d0 D:/devkitPro/libctru/lib\libctru.a(shaderProgram.o)
                0x00109844                shaderProgramConfigure
 .text.DVLE_GenerateOutmap.part.0
                0x0010a114      0x1dc D:/devkitPro/libctru/lib\libctru.a(shbin.o)
 .text.DVLB_ParseFile
                0x0010a2f0      0x1ac D:/devkitPro/libctru/lib\libctru.a(shbin.o)
                0x0010a2f0                DVLB_ParseFile
 .text.DVLB_Free
                0x0010a49c       0x50 D:/devkitPro/libctru/lib\libctru.a(shbin.o)
                0x0010a49c                DVLB_Free
 .text.DVLE_GetUniformRegister
                0x0010a4ec       0x74 D:/devkitPro/libctru/lib\libctru.a(shbin.o)
                0x0010a4ec                DVLE_GetUniformRegister
 .text.aptConvertScreenForCapture
                0x0010a560      0x180 D:/devkitPro/libctru/lib\libctru.a(apt.o)
 .text.aptDspSleep
                0x0010a6e0        0x8 D:/devkitPro/libctru/lib\libctru.a(apt.o)
                0x0010a6e0                aptDspSleep
 .text.aptDspWakeup
                0x0010a6e8        0x4 D:/devkitPro/libctru/lib\libctru.a(apt.o)
                0x0010a6e8                aptDspWakeup
 .text.aptDspCancel
                0x0010a6ec        0x4 D:/devkitPro/libctru/lib\libctru.a(apt.o)
                0x0010a6ec                aptDspCancel
 .text.aptSendCommand
                0x0010a6f0      0x138 D:/devkitPro/libctru/lib\libctru.a(apt.o)
                0x0010a6f0                aptSendCommand
 .text.aptExitProcess
                0x0010a828       0x44 D:/devkitPro/libctru/lib\libctru.a(apt.o)
 .text.aptExit  0x0010a86c      0x394 D:/devkitPro/libctru/lib\libctru.a(apt.o)
                0x0010a86c                aptExit
 .text.aptHandleSleep
                0x0010ac00       0xd8 D:/devkitPro/libctru/lib\libctru.a(apt.o)
                0x0010ac00                aptHandleSleep
 .text.aptHook  0x0010acd8       0x34 D:/devkitPro/libctru/lib\libctru.a(apt.o)
                0x0010acd8                aptHook
 .text.aptUnhook
                0x0010ad0c       0x30 D:/devkitPro/libctru/lib\libctru.a(apt.o)
                0x0010ad0c                aptUnhook
 .text.APT_SleepIfShellClosed
                0x0010ad3c       0x84 D:/devkitPro/libctru/lib\libctru.a(apt.o)
                0x0010ad3c                APT_SleepIfShellClosed
 .text.aptSetSleepAllowed
                0x0010adc0       0x78 D:/devkitPro/libctru/lib\libctru.a(apt.o)
                0x0010adc0                aptSetSleepAllowed
 .text.APT_UnlockTransition
                0x0010ae38       0x84 D:/devkitPro/libctru/lib\libctru.a(apt.o)
                0x0010ae38                APT_UnlockTransition
 *fill*         0x0010aebc        0x4 
 .text.aptEventHandler
                0x0010aec0      0x470 D:/devkitPro/libctru/lib\libctru.a(apt.o)
 .text.APT_ReceiveParameter
                0x0010b330       0xbc D:/devkitPro/libctru/lib\libctru.a(apt.o)
                0x0010b330                APT_ReceiveParameter
 .text.aptReceiveParameter.constprop.0
                0x0010b3ec       0xb0 D:/devkitPro/libctru/lib\libctru.a(apt.o)
 *fill*         0x0010b49c        0x4 
 .text.aptScreenTransfer
                0x0010b4a0      0x294 D:/devkitPro/libctru/lib\libctru.a(apt.o)
 .text.aptWaitForWakeUp.isra.0
                0x0010b734      0x2d0 D:/devkitPro/libctru/lib\libctru.a(apt.o)
 .text.aptJumpToHomeMenu
                0x0010ba04       0xf4 D:/devkitPro/libctru/lib\libctru.a(apt.o)
                0x0010ba04                aptJumpToHomeMenu
 .text.aptMainLoop
                0x0010baf8       0x58 D:/devkitPro/libctru/lib\libctru.a(apt.o)
                0x0010baf8                aptMainLoop
 .text.aptInit  0x0010bb50      0x240 D:/devkitPro/libctru/lib\libctru.a(apt.o)
                0x0010bb50                aptInit
 .text.APT_CheckNew3DS
                0x0010bd90       0x90 D:/devkitPro/libctru/lib\libctru.a(apt.o)
                0x0010bd90                APT_CheckNew3DS
 .text.fsInit   0x0010be20      0x104 D:/devkitPro/libctru/lib\libctru.a(fs.o)
                0x0010be20                fsInit
 .text.fsExit   0x0010bf24       0x3c D:/devkitPro/libctru/lib\libctru.a(fs.o)
                0x0010bf24                fsExit
 .text.fsExemptFromSession
                0x0010bf60       0x68 D:/devkitPro/libctru/lib\libctru.a(fs.o)
                0x0010bf60                fsExemptFromSession
 .text.fsUnexemptFromSession
                0x0010bfc8       0x50 D:/devkitPro/libctru/lib\libctru.a(fs.o)
                0x0010bfc8                fsUnexemptFromSession
 .text.FSUSER_OpenFile
                0x0010c018       0xcc D:/devkitPro/libctru/lib\libctru.a(fs.o)
                0x0010c018                FSUSER_OpenFile
 .text.FSUSER_OpenFileDirectly
                0x0010c0e4       0xcc D:/devkitPro/libctru/lib\libctru.a(fs.o)
                0x0010c0e4                FSUSER_OpenFileDirectly
 .text.FSUSER_DeleteFile
                0x0010c1b0       0xb8 D:/devkitPro/libctru/lib\libctru.a(fs.o)
                0x0010c1b0                FSUSER_DeleteFile
 .text.FSUSER_RenameFile
                0x0010c268       0xf4 D:/devkitPro/libctru/lib\libctru.a(fs.o)
                0x0010c268                FSUSER_RenameFile
 .text.FSUSER_DeleteDirectory
                0x0010c35c       0xb8 D:/devkitPro/libctru/lib\libctru.a(fs.o)
                0x0010c35c                FSUSER_DeleteDirectory
 .text.FSUSER_CreateFile
                0x0010c414       0xd0 D:/devkitPro/libctru/lib\libctru.a(fs.o)
                0x0010c414                FSUSER_CreateFile
 .text.FSUSER_CreateDirectory
                0x0010c4e4       0xc0 D:/devkitPro/libctru/lib\libctru.a(fs.o)
                0x0010c4e4                FSUSER_CreateDirectory
 .text.FSUSER_RenameDirectory
                0x0010c5a4       0xf4 D:/devkitPro/libctru/lib\libctru.a(fs.o)
                0x0010c5a4                FSUSER_RenameDirectory
 .text.FSUSER_OpenDirectory
                0x0010c698       0xb4 D:/devkitPro/libctru/lib\libctru.a(fs.o)
                0x0010c698                FSUSER_OpenDirectory
 .text.FSUSER_OpenArchive
                0x0010c74c       0x90 D:/devkitPro/libctru/lib\libctru.a(fs.o)
                0x0010c74c                FSUSER_OpenArchive
 .text.FSUSER_CloseArchive
                0x0010c7dc       0x8c D:/devkitPro/libctru/lib\libctru.a(fs.o)
                0x0010c7dc                FSUSER_CloseArchive
 .text.FSUSER_GetSdmcArchiveResource
                0x0010c868       0x74 D:/devkitPro/libctru/lib\libctru.a(fs.o)
                0x0010c868                FSUSER_GetSdmcArchiveResource
 .text.FSUSER_IsSdmcWritable
                0x0010c8dc       0x64 D:/devkitPro/libctru/lib\libctru.a(fs.o)
                0x0010c8dc                FSUSER_IsSdmcWritable
 .text.FSFILE_Read
                0x0010c940       0x64 D:/devkitPro/libctru/lib\libctru.a(fs.o)
                0x0010c940                FSFILE_Read
 .text.FSFILE_Write
                0x0010c9a4       0x6c D:/devkitPro/libctru/lib\libctru.a(fs.o)
                0x0010c9a4                FSFILE_Write
 .text.FSFILE_GetSize
                0x0010ca10       0x44 D:/devkitPro/libctru/lib\libctru.a(fs.o)
                0x0010ca10                FSFILE_GetSize
 .text.FSFILE_SetSize
                0x0010ca54       0x28 D:/devkitPro/libctru/lib\libctru.a(fs.o)
                0x0010ca54                FSFILE_SetSize
 .text.FSFILE_Close
                0x0010ca7c       0x3c D:/devkitPro/libctru/lib\libctru.a(fs.o)
                0x0010ca7c                FSFILE_Close
 .text.FSFILE_Flush
                0x0010cab8       0x24 D:/devkitPro/libctru/lib\libctru.a(fs.o)
                0x0010cab8                FSFILE_Flush
 .text.FSDIR_Read
                0x0010cadc       0x60 D:/devkitPro/libctru/lib\libctru.a(fs.o)
                0x0010cadc                FSDIR_Read
 .text.FSDIR_Close
                0x0010cb3c       0x3c D:/devkitPro/libctru/lib\libctru.a(fs.o)
                0x0010cb3c                FSDIR_Close
 .text.gspHardwareInit
                0x0010cb78      0xc70 D:/devkitPro/libctru/lib\libctru.a(gspgpu.o)
 .text.gspInit  0x0010d7e8      0x288 D:/devkitPro/libctru/lib\libctru.a(gspgpu.o)
                0x0010d7e8                gspInit
 .text.gspExit  0x0010da70      0x104 D:/devkitPro/libctru/lib\libctru.a(gspgpu.o)
                0x0010da70                gspExit
 .text.gspHasGpuRight
                0x0010db74       0x10 D:/devkitPro/libctru/lib\libctru.a(gspgpu.o)
                0x0010db74                gspHasGpuRight
 .text.gspPresentBuffer
                0x0010db84       0xa4 D:/devkitPro/libctru/lib\libctru.a(gspgpu.o)
                0x0010db84                gspPresentBuffer
 .text.gspSetEventCallback
                0x0010dc28       0x30 D:/devkitPro/libctru/lib\libctru.a(gspgpu.o)
                0x0010dc28                gspSetEventCallback
 .text.gspWaitForEvent
                0x0010dc58       0x50 D:/devkitPro/libctru/lib\libctru.a(gspgpu.o)
                0x0010dc58                gspWaitForEvent
 .text.gspWaitForAnyEvent
                0x0010dca8       0x4c D:/devkitPro/libctru/lib\libctru.a(gspgpu.o)
                0x0010dca8                gspWaitForAnyEvent
 .text.gspEventThreadMain
                0x0010dcf4      0x154 D:/devkitPro/libctru/lib\libctru.a(gspgpu.o)
 .text.gspSubmitGxCommand
                0x0010de48      0x12c D:/devkitPro/libctru/lib\libctru.a(gspgpu.o)
                0x0010de48                gspSubmitGxCommand
 .text.GSPGPU_FlushDataCache
                0x0010df74       0x50 D:/devkitPro/libctru/lib\libctru.a(gspgpu.o)
                0x0010df74                GSPGPU_FlushDataCache
 .text.GSPGPU_SetLcdForceBlack
                0x0010dfc4       0x34 D:/devkitPro/libctru/lib\libctru.a(gspgpu.o)
                0x0010dfc4                GSPGPU_SetLcdForceBlack
 .text.GSPGPU_AcquireRight
                0x0010dff8       0x84 D:/devkitPro/libctru/lib\libctru.a(gspgpu.o)
                0x0010dff8                GSPGPU_AcquireRight
 .text.GSPGPU_ReleaseRight
                0x0010e07c       0x64 D:/devkitPro/libctru/lib\libctru.a(gspgpu.o)
                0x0010e07c                GSPGPU_ReleaseRight
 .text.GSPGPU_ImportDisplayCaptureInfo
                0x0010e0e0       0x7c D:/devkitPro/libctru/lib\libctru.a(gspgpu.o)
                0x0010e0e0                GSPGPU_ImportDisplayCaptureInfo
 .text.GSPGPU_SaveVramSysArea
                0x0010e15c       0x2c D:/devkitPro/libctru/lib\libctru.a(gspgpu.o)
                0x0010e15c                GSPGPU_SaveVramSysArea
 .text.GSPGPU_RestoreVramSysArea
                0x0010e188       0x2c D:/devkitPro/libctru/lib\libctru.a(gspgpu.o)
                0x0010e188                GSPGPU_RestoreVramSysArea
 .text.hidShouldUseIrrst
                0x0010e1b4       0x24 D:/devkitPro/libctru/lib\libctru.a(hid.o)
                0x0010e1b4                hidShouldUseIrrst
 .text.hidInit  0x0010e1d8      0x1cc D:/devkitPro/libctru/lib\libctru.a(hid.o)
                0x0010e1d8                hidInit
 .text.hidExit  0x0010e3a4       0xe8 D:/devkitPro/libctru/lib\libctru.a(hid.o)
                0x0010e3a4                hidExit
 .text.hidScanInput
                0x0010e48c      0x2a0 D:/devkitPro/libctru/lib\libctru.a(hid.o)
                0x0010e48c                hidScanInput
 .text.hidKeysHeld
                0x0010e72c       0x10 D:/devkitPro/libctru/lib\libctru.a(hid.o)
                0x0010e72c                hidKeysHeld
 .text.hidKeysDown
                0x0010e73c       0x10 D:/devkitPro/libctru/lib\libctru.a(hid.o)
                0x0010e73c                hidKeysDown
 .text.hidKeysUp
                0x0010e74c       0x10 D:/devkitPro/libctru/lib\libctru.a(hid.o)
                0x0010e74c                hidKeysUp
 .text.hidTouchRead
                0x0010e75c       0x18 D:/devkitPro/libctru/lib\libctru.a(hid.o)
                0x0010e75c                hidTouchRead
 .text.irrstInit
                0x0010e774      0x1a4 D:/devkitPro/libctru/lib\libctru.a(irrst.o)
                0x0010e774                irrstInit
 .text.irrstExit
                0x0010e918       0xdc D:/devkitPro/libctru/lib\libctru.a(irrst.o)
                0x0010e918                irrstExit
 .text.irrstScanInput
                0x0010e9f4       0xb4 D:/devkitPro/libctru/lib\libctru.a(irrst.o)
                0x0010e9f4                irrstScanInput
 .text.irrstKeysHeld
                0x0010eaa8       0x24 D:/devkitPro/libctru/lib\libctru.a(irrst.o)
                0x0010eaa8                irrstKeysHeld
 .text.ptmSysmInit
                0x0010eacc       0x78 D:/devkitPro/libctru/lib\libctru.a(ptmsysm.o)
                0x0010eacc                ptmSysmInit
 .text.ptmSysmExit
                0x0010eb44       0x3c D:/devkitPro/libctru/lib\libctru.a(ptmsysm.o)
                0x0010eb44                ptmSysmExit
 .text.PTMSYSM_ConfigureNew3DSCPU
                0x0010eb80       0x34 D:/devkitPro/libctru/lib\libctru.a(ptmsysm.o)
                0x0010eb80                PTMSYSM_ConfigureNew3DSCPU
 .text.buffer_read
                0x0010ebb4       0xe0 D:/devkitPro/libctru/lib\libctru.a(decompress.o)
 .text.iov_read
                0x0010ec94       0xcc D:/devkitPro/libctru/lib\libctru.a(decompress.o)
 .text.iov_memmove
                0x0010ed60      0x164 D:/devkitPro/libctru/lib\libctru.a(decompress.o)
 .text.decompress_rle
                0x0010eec4      0x1e0 D:/devkitPro/libctru/lib\libctru.a(decompress.o)
 .text.decompress_lzss
                0x0010f0a4      0x264 D:/devkitPro/libctru/lib\libctru.a(decompress.o)
 .text.decompress_lz11
                0x0010f308      0x418 D:/devkitPro/libctru/lib\libctru.a(decompress.o)
 .text.decompress_huff.isra.0
                0x0010f720      0x33c D:/devkitPro/libctru/lib\libctru.a(decompress.o)
 .text.decompressCallback_Stdio
                0x0010fa5c       0x10 D:/devkitPro/libctru/lib\libctru.a(decompress.o)
                0x0010fa5c                decompressCallback_Stdio
 .text.decompressHeader
                0x0010fa6c       0xe4 D:/devkitPro/libctru/lib\libctru.a(decompress.o)
                0x0010fa6c                decompressHeader
 .text.decompressV
                0x0010fb50      0x21c D:/devkitPro/libctru/lib\libctru.a(decompress.o)
                0x0010fb50                decompressV
 .text.rbtree_find
                0x0010fd6c       0x74 D:/devkitPro/libctru/lib\libctru.a(rbtree_find.o)
                0x0010fd6c                rbtree_find
 .text.rbtree_init
                0x0010fde0       0x10 D:/devkitPro/libctru/lib\libctru.a(rbtree_init.o)
                0x0010fde0                rbtree_init
 .text.do_insert
                0x0010fdf0      0x198 D:/devkitPro/libctru/lib\libctru.a(rbtree_insert.o)
 .text.rbtree_insert
                0x0010ff88        0x8 D:/devkitPro/libctru/lib\libctru.a(rbtree_insert.o)
                0x0010ff88                rbtree_insert
 .text.rbtree_remove
                0x0010ff90      0x310 D:/devkitPro/libctru/lib\libctru.a(rbtree_remove.o)
                0x0010ff90                rbtree_remove
 .text.rbtree_rotate
                0x001102a0       0x90 D:/devkitPro/libctru/lib\libctru.a(rbtree_rotate.o)
                0x001102a0                rbtree_rotate
 .text.utf16_to_utf8
                0x00110330       0xe8 D:/devkitPro/libctru/lib\libctru.a(utf16_to_utf8.o)
                0x00110330                utf16_to_utf8
 .text.utf8_to_utf16
                0x00110418       0xc0 D:/devkitPro/libctru/lib\libctru.a(utf8_to_utf16.o)
                0x00110418                utf8_to_utf16
 .text.__system_allocateHeaps
                0x001104d8      0x1e8 D:/devkitPro/libctru/lib\libctru.a(allocateHeaps.o)
                0x001104d8                __system_allocateHeaps
 .text.__libctru_init
                0x001106c0       0x38 D:/devkitPro/libctru/lib\libctru.a(ctru_init.o)
                0x001106c0                __libctru_init
 .text.__system_initArgv
                0x001106f8      0x16c D:/devkitPro/libctru/lib\libctru.a(initArgv.o)
                0x001106f8                __system_initArgv
 .text.__syscall_getreent
                0x00110864       0x30 D:/devkitPro/libctru/lib\libctru.a(syscalls.o)
                0x00110864                __syscall_getreent
 .text.__syscall_gettod_r
                0x00110894       0x64 D:/devkitPro/libctru/lib\libctru.a(syscalls.o)
                0x00110894                __syscall_gettod_r
 .text.__syscall_lock_acquire
                0x001108f8        0x4 D:/devkitPro/libctru/lib\libctru.a(syscalls.o)
                0x001108f8                __syscall_lock_acquire
 .text.__syscall_lock_release
                0x001108fc        0x4 D:/devkitPro/libctru/lib\libctru.a(syscalls.o)
                0x001108fc                __syscall_lock_release
 .text.__syscall_lock_acquire_recursive
                0x00110900        0x4 D:/devkitPro/libctru/lib\libctru.a(syscalls.o)
                0x00110900                __syscall_lock_acquire_recursive
 .text.__syscall_lock_release_recursive
                0x00110904        0x4 D:/devkitPro/libctru/lib\libctru.a(syscalls.o)
                0x00110904                __syscall_lock_release_recursive
 .text.__syscall_exit
                0x00110908        0x4 D:/devkitPro/libctru/lib\libctru.a(syscalls.o)
                0x00110908                __syscall_exit
 .text.initThreadVars
                0x0011090c       0x54 D:/devkitPro/libctru/lib\libctru.a(syscalls.o)
                0x0011090c                initThreadVars
 .text.__system_initSyscalls
                0x00110960       0x80 D:/devkitPro/libctru/lib\libctru.a(syscalls.o)
                0x00110960                __system_initSyscalls
 .text.svcControlMemory
                0x001109e0       0x20 D:/devkitPro/libctru/lib\libctru.a(svc.o)
                0x001109e0                svcControlMemory
 .text.svcQueryMemory
                0x00110a00       0x30 D:/devkitPro/libctru/lib\libctru.a(svc.o)
                0x00110a00                svcQueryMemory
 .text.svcExitProcess
                0x00110a30        0x8 D:/devkitPro/libctru/lib\libctru.a(svc.o)
                0x00110a30                svcExitProcess
 .text.svcCreateThread
                0x00110a38       0x20 D:/devkitPro/libctru/lib\libctru.a(svc.o)
                0x00110a38                svcCreateThread
 .text.svcExitThread
                0x00110a58        0x8 D:/devkitPro/libctru/lib\libctru.a(svc.o)
                0x00110a58                svcExitThread
 .text.svcSleepThread
                0x00110a60        0x8 D:/devkitPro/libctru/lib\libctru.a(svc.o)
                0x00110a60                svcSleepThread
 .text.svcReleaseMutex
                0x00110a68        0x8 D:/devkitPro/libctru/lib\libctru.a(svc.o)
                0x00110a68                svcReleaseMutex
 .text.svcCreateEvent
                0x00110a70       0x14 D:/devkitPro/libctru/lib\libctru.a(svc.o)
                0x00110a70                svcCreateEvent
 .text.svcSignalEvent
                0x00110a84        0x8 D:/devkitPro/libctru/lib\libctru.a(svc.o)
                0x00110a84                svcSignalEvent
 .text.svcClearEvent
                0x00110a8c        0x8 D:/devkitPro/libctru/lib\libctru.a(svc.o)
                0x00110a8c                svcClearEvent
 .text.svcMapMemoryBlock
                0x00110a94        0x8 D:/devkitPro/libctru/lib\libctru.a(svc.o)
                0x00110a94                svcMapMemoryBlock
 .text.svcUnmapMemoryBlock
                0x00110a9c        0x8 D:/devkitPro/libctru/lib\libctru.a(svc.o)
                0x00110a9c                svcUnmapMemoryBlock
 .text.svcCreateAddressArbiter
                0x00110aa4       0x14 D:/devkitPro/libctru/lib\libctru.a(svc.o)
                0x00110aa4                svcCreateAddressArbiter
 .text.svcArbitrateAddressNoTimeout
                0x00110ab8        0x8 D:/devkitPro/libctru/lib\libctru.a(svc.o)
                0x00110ab8                svcArbitrateAddressNoTimeout
 .text.svcCloseHandle
                0x00110ac0        0x8 D:/devkitPro/libctru/lib\libctru.a(svc.o)
                0x00110ac0                svcCloseHandle
 .text.svcWaitSynchronization
                0x00110ac8        0x8 D:/devkitPro/libctru/lib\libctru.a(svc.o)
                0x00110ac8                svcWaitSynchronization
 .text.svcWaitSynchronizationN
                0x00110ad0       0x28 D:/devkitPro/libctru/lib\libctru.a(svc.o)
                0x00110ad0                svcWaitSynchronizationN
 .text.svcDuplicateHandle
                0x00110af8       0x14 D:/devkitPro/libctru/lib\libctru.a(svc.o)
                0x00110af8                svcDuplicateHandle
 .text.svcGetSystemTick
                0x00110b0c        0x8 D:/devkitPro/libctru/lib\libctru.a(svc.o)
                0x00110b0c                svcGetSystemTick
 .text.svcConnectToPort
                0x00110b14       0x14 D:/devkitPro/libctru/lib\libctru.a(svc.o)
                0x00110b14                svcConnectToPort
 .text.svcSendSyncRequest
                0x00110b28        0x8 D:/devkitPro/libctru/lib\libctru.a(svc.o)
                0x00110b28                svcSendSyncRequest
 .text.svcGetResourceLimit
                0x00110b30       0x14 D:/devkitPro/libctru/lib\libctru.a(svc.o)
                0x00110b30                svcGetResourceLimit
 .text.svcGetResourceLimitLimitValues
                0x00110b44        0x8 D:/devkitPro/libctru/lib\libctru.a(svc.o)
                0x00110b44                svcGetResourceLimitLimitValues
 .text.svcGetResourceLimitCurrentValues
                0x00110b4c        0x8 D:/devkitPro/libctru/lib\libctru.a(svc.o)
                0x00110b4c                svcGetResourceLimitCurrentValues
 .text.svcBreak
                0x00110b54        0x8 D:/devkitPro/libctru/lib\libctru.a(svc.o)
                0x00110b54                svcBreak
 .text.__aeabi_read_tp
                0x00110b5c        0xc D:/devkitPro/libctru/lib\libctru.a(readtp.o)
                0x00110b5c                __aeabi_read_tp
 .text.initSystem
                0x00110b68       0x50 D:/devkitPro/libctru/lib\libctru.a(stack_adjust.o)
                0x00110b68                initSystem
 .text.__ctru_exit
                0x00110bb8       0x14 D:/devkitPro/libctru/lib\libctru.a(stack_adjust.o)
                0x00110bb8                __ctru_exit
 .text.envGetHandle
                0x00110bcc       0x8c D:/devkitPro/libctru/lib\libctru.a(env.o)
                0x00110bcc                envGetHandle
 .text.envDestroyHandles
                0x00110c58       0x50 D:/devkitPro/libctru/lib\libctru.a(env.o)
                0x00110c58                envDestroyHandles
 .text.srvInit  0x00110ca8      0x164 D:/devkitPro/libctru/lib\libctru.a(srv.o)
                0x00110ca8                srvInit
 .text.srvExit  0x00110e0c       0x64 D:/devkitPro/libctru/lib\libctru.a(srv.o)
                0x00110e0c                srvExit
 .text.srvEnableNotification
                0x00110e70       0x60 D:/devkitPro/libctru/lib\libctru.a(srv.o)
                0x00110e70                srvEnableNotification
 .text.srvGetServiceHandleDirect
                0x00110ed0       0xa0 D:/devkitPro/libctru/lib\libctru.a(srv.o)
                0x00110ed0                srvGetServiceHandleDirect
 .text.srvGetServiceHandle
                0x00110f70       0x48 D:/devkitPro/libctru/lib\libctru.a(srv.o)
                0x00110f70                srvGetServiceHandle
 .text.srvSubscribe
                0x00110fb8       0x34 D:/devkitPro/libctru/lib\libctru.a(srv.o)
                0x00110fb8                srvSubscribe
 .text.srvReceiveNotification
                0x00110fec       0x60 D:/devkitPro/libctru/lib\libctru.a(srv.o)
                0x00110fec                srvReceiveNotification
 .text.srvPublishToSubscriber
                0x0011104c       0x38 D:/devkitPro/libctru/lib\libctru.a(srv.o)
                0x0011104c                srvPublishToSubscriber
 .text.__sync_init
                0x00111084        0xc D:/devkitPro/libctru/lib\libctru.a(synchronization.o)
                0x00111084                __sync_init
 .text.__sync_fini
                0x00111090       0x18 D:/devkitPro/libctru/lib\libctru.a(synchronization.o)
                0x00111090                __sync_fini
 .text.syncArbitrateAddress
                0x001110a8       0x28 D:/devkitPro/libctru/lib\libctru.a(synchronization.o)
                0x001110a8                syncArbitrateAddress
 .text.LightLock_Lock
                0x001110d0       0xac D:/devkitPro/libctru/lib\libctru.a(synchronization.o)
                0x001110d0                LightLock_Lock
 .text.LightLock_Unlock
                0x0011117c       0x40 D:/devkitPro/libctru/lib\libctru.a(synchronization.o)
                0x0011117c                LightLock_Unlock
 .text.RecursiveLock_Lock
                0x001111bc       0x54 D:/devkitPro/libctru/lib\libctru.a(synchronization.o)
                0x001111bc                RecursiveLock_Lock
 .text.RecursiveLock_Unlock
                0x00111210       0x54 D:/devkitPro/libctru/lib\libctru.a(synchronization.o)
                0x00111210                RecursiveLock_Unlock
 .text.LightEvent_Init
                0x00111264       0x44 D:/devkitPro/libctru/lib\libctru.a(synchronization.o)
                0x00111264                LightEvent_Init
 .text.LightEvent_Clear
                0x001112a8       0xb8 D:/devkitPro/libctru/lib\libctru.a(synchronization.o)
                0x001112a8                LightEvent_Clear
 .text.LightEvent_Signal
                0x00111360       0xdc D:/devkitPro/libctru/lib\libctru.a(synchronization.o)
                0x00111360                LightEvent_Signal
 .text.LightEvent_TryWait
                0x0011143c       0x50 D:/devkitPro/libctru/lib\libctru.a(synchronization.o)
                0x0011143c                LightEvent_TryWait
 .text.LightEvent_Wait
                0x0011148c       0xac D:/devkitPro/libctru/lib\libctru.a(synchronization.o)
                0x0011148c                LightEvent_Wait
 .text.threadCreate
                0x00111538      0x1fc D:/devkitPro/libctru/lib\libctru.a(thread.o)
                0x00111538                threadCreate
 .text.threadFree
                0x00111734       0x38 D:/devkitPro/libctru/lib\libctru.a(thread.o)
                0x00111734                threadFree
 .text.threadJoin
                0x0011176c       0x24 D:/devkitPro/libctru/lib\libctru.a(thread.o)
                0x0011176c                threadJoin
 .text.threadGetCurrent
                0x00111790       0x30 D:/devkitPro/libctru/lib\libctru.a(thread.o)
                0x00111790                threadGetCurrent
 .text.threadExit
                0x001117c0       0x40 D:/devkitPro/libctru/lib\libctru.a(thread.o)
                0x001117c0                threadExit
 .text._thread_begin
                0x00111800       0x20 D:/devkitPro/libctru/lib\libctru.a(thread.o)
 .text.mappableFindAddressWithin
                0x00111820       0x90 D:/devkitPro/libctru/lib\libctru.a(mappable.o)
 .text.mappableInit
                0x001118b0       0x28 D:/devkitPro/libctru/lib\libctru.a(mappable.o)
                0x001118b0                mappableInit
 .text.mappableAlloc
                0x001118d8       0x7c D:/devkitPro/libctru/lib\libctru.a(mappable.o)
                0x001118d8                mappableAlloc
 .text.mappableFree
                0x00111954        0x4 D:/devkitPro/libctru/lib\libctru.a(mappable.o)
                0x00111954                mappableFree
 .text.srvPmGetSessionHandle
                0x00111958        0xc D:/devkitPro/libctru/lib\libctru.a(srvpm.o)
                0x00111958                srvPmGetSessionHandle
 .text.rbtree_node_next
                0x00111964       0x60 D:/devkitPro/libctru/lib\libctru.a(rbtree_iterator.o)
                0x00111964                rbtree_node_next
 .text.decode_utf16
                0x001119c4       0x54 D:/devkitPro/libctru/lib\libctru.a(decode_utf16.o)
                0x001119c4                decode_utf16
 .text.decode_utf8
                0x00111a18      0x140 D:/devkitPro/libctru/lib\libctru.a(decode_utf8.o)
                0x00111a18                decode_utf8
 .text.encode_utf16
                0x00111b58       0x54 D:/devkitPro/libctru/lib\libctru.a(encode_utf16.o)
                0x00111b58                encode_utf16
 .text.encode_utf8
                0x00111bac       0xe0 D:/devkitPro/libctru/lib\libctru.a(encode_utf8.o)
                0x00111bac                encode_utf8
 .text.__appExit
                0x00111c8c       0x30 D:/devkitPro/libctru/lib\libctru.a(appExit.o)
                0x00111c8c                __appExit
 .text.__appInit
                0x00111cbc       0x30 D:/devkitPro/libctru/lib\libctru.a(appInit.o)
                0x00111cbc                __appInit
 .text.__libctru_exit
                0x00111cec       0x90 D:/devkitPro/libctru/lib\libctru.a(ctru_exit.o)
                0x00111cec                __libctru_exit
 .text.error_cmp
                0x00111d7c       0x24 D:/devkitPro/libctru/lib\libctru.a(archive_dev.o)
 .text.archive_translate_error
                0x00111da0       0x50 D:/devkitPro/libctru/lib\libctru.a(archive_dev.o)
 .text.archive_seek
                0x00111df0       0xc0 D:/devkitPro/libctru/lib\libctru.a(archive_dev.o)
 .text._archiveInit.part.0
                0x00111eb0       0x78 D:/devkitPro/libctru/lib\libctru.a(archive_dev.o)
 .text.archiveFindDevice.part.0
                0x00111f28      0x110 D:/devkitPro/libctru/lib\libctru.a(archive_dev.o)
 .text.archive_utf16path
                0x00112038      0x298 D:/devkitPro/libctru/lib\libctru.a(archive_dev.o)
 .text._archiveUnmountDeviceStruct.part.0
                0x001122d0       0x98 D:/devkitPro/libctru/lib\libctru.a(archive_dev.o)
 .text._archiveMountDevice
                0x00112368      0x178 D:/devkitPro/libctru/lib\libctru.a(archive_dev.o)
 .text.archive_diropen
                0x001124e0       0xf8 D:/devkitPro/libctru/lib\libctru.a(archive_dev.o)
 .text.archive_fstat
                0x001125d8       0xac D:/devkitPro/libctru/lib\libctru.a(archive_dev.o)
 .text.archive_fsync
                0x00112684       0x74 D:/devkitPro/libctru/lib\libctru.a(archive_dev.o)
 .text.archive_close
                0x001126f8       0x74 D:/devkitPro/libctru/lib\libctru.a(archive_dev.o)
 .text.archive_dirclose
                0x0011276c       0x78 D:/devkitPro/libctru/lib\libctru.a(archive_dev.o)
 .text.sdmc_statvfs
                0x001127e4       0xec D:/devkitPro/libctru/lib\libctru.a(archive_dev.o)
 .text.archive_chdir
                0x001128d0       0xf8 D:/devkitPro/libctru/lib\libctru.a(archive_dev.o)
 .text.archive_ftruncate
                0x001129c8       0x8c D:/devkitPro/libctru/lib\libctru.a(archive_dev.o)
 .text.archive_read
                0x00112a54       0xbc D:/devkitPro/libctru/lib\libctru.a(archive_dev.o)
 .text.archive_unlink
                0x00112b10       0xa8 D:/devkitPro/libctru/lib\libctru.a(archive_dev.o)
 .text.archive_rmdir
                0x00112bb8       0xc0 D:/devkitPro/libctru/lib\libctru.a(archive_dev.o)
 .text.archive_mkdir
                0x00112c78       0xd8 D:/devkitPro/libctru/lib\libctru.a(archive_dev.o)
 .text.archive_stat
                0x00112d50      0x1a0 D:/devkitPro/libctru/lib\libctru.a(archive_dev.o)
 .text.archive_dirnext
                0x00112ef0      0x164 D:/devkitPro/libctru/lib\libctru.a(archive_dev.o)
 .text.archive_write
                0x00113054      0x13c D:/devkitPro/libctru/lib\libctru.a(archive_dev.o)
 .text.archive_open
                0x00113190      0x254 D:/devkitPro/libctru/lib\libctru.a(archive_dev.o)
 .text.archive_rename
                0x001133e4      0x270 D:/devkitPro/libctru/lib\libctru.a(archive_dev.o)
 .text.archiveMountSdmc
                0x00113654      0x1c8 D:/devkitPro/libctru/lib\libctru.a(archive_dev.o)
                0x00113654                archiveMountSdmc
 .text.archiveUnmountAll
                0x0011381c       0x54 D:/devkitPro/libctru/lib\libctru.a(archive_dev.o)
                0x0011381c                archiveUnmountAll
 .text.sinf     0x00113870      0x264 D:/devkitPro/devkitARM/bin/../lib/gcc/arm-none-eabi/15.2.0/../../../../arm-none-eabi/lib/armv6k/fpu\libm.a(libm_a-sinf.o)
                0x00113870                sinf
 .text.with_errnof
                0x00113ad4       0x24 D:/devkitPro/devkitARM/bin/../lib/gcc/arm-none-eabi/15.2.0/../../../../arm-none-eabi/lib/armv6k/fpu\libm.a(libm_a-math_errf.o)
 .text.__math_invalidf
                0x00113af8       0x1c D:/devkitPro/devkitARM/bin/../lib/gcc/arm-none-eabi/15.2.0/../../../../arm-none-eabi/lib/armv6k/fpu\libm.a(libm_a-math_errf.o)
                0x00113af8                __math_invalidf
 *fill*         0x00113b14        0x4 
 .text.cosf     0x00113b18      0x25c D:/devkitPro/devkitARM/bin/../lib/gcc/arm-none-eabi/15.2.0/../../../../arm-none-eabi/lib/armv6k/fpu\libm.a(libm_a-cosf.o)
                0x00113b18                cosf
 .text.__udivmoddi4
                0x00113d74      0x130 D:/devkitPro/devkitARM/bin/../lib/gcc/arm-none-eabi/15.2.0/armv6k/fpu\libgcc.a(_udivmoddi4.o)
                0x00113d74                __udivmoddi4
 .text.strncat  0x00113ea4       0xe4 D:/devkitPro/devkitARM/bin/../lib/gcc/arm-none-eabi/15.2.0/../../../../arm-none-eabi/lib/armv6k/fpu\libg.a(libc_a-strncat.o)
                0x00113ea4                strncat
 .text.memcpy   0x00113f88      0x128 D:/devkitPro/devkitARM/bin/../lib/gcc/arm-none-eabi/15.2.0/../../../../arm-none-eabi/lib/armv6k/fpu\libg.a(libc_a-memcpy-stub.o)
                0x00113f88                memcpy
 .text.strlen   0x001140b0       0x8c D:/devkitPro/devkitARM/bin/../lib/gcc/arm-none-eabi/15.2.0/../../../../arm-none-eabi/lib/armv6k/fpu\libg.a(libc_a-strlen.o)
                0x001140b0                strlen
 .text._fread_r
                0x0011413c      0x334 D:/devkitPro/devkitARM/bin/../lib/gcc/arm-none-eabi/15.2.0/../../../../arm-none-eabi/lib/armv6k/fpu\libg.a(libc_a-fread.o)
                0x0011413c                _fread_r
 .text.fread    0x00114470       0x38 D:/devkitPro/devkitARM/bin/../lib/gcc/arm-none-eabi/15.2.0/../../../../arm-none-eabi/lib/armv6k/fpu\libg.a(libc_a-fread.o)
                0x00114470                fread
 .text.bsearch  0x001144a8       0x78 D:/devkitPro/devkitARM/bin/../lib/gcc/arm-none-eabi/15.2.0/../../../../arm-none-eabi/lib/armv6k/fpu\libg.a(libc_a-bsearch.o)
                0x001144a8                bsearch
 .text._fopen_r
                0x00114520      0x134 D:/devkitPro/devkitARM/bin/../lib/gcc/arm-none-eabi/15.2.0/../../../../arm-none-eabi/lib/armv6k/fpu\libg.a(libc_a-fopen.o)
                0x00114520                _fopen_r
 .text.fopen    0x00114654       0x28 D:/devkitPro/devkitARM/bin/../lib/gcc/arm-none-eabi/15.2.0/../../../../arm-none-eabi/lib/armv6k/fpu\libg.a(libc_a-fopen.o)
                0x00114654                fopen
 .text.memalign
                0x0011467c       0x28 D:/devkitPro/devkitARM/bin/../lib/gcc/arm-none-eabi/15.2.0/../../../../arm-none-eabi/lib/armv6k/fpu\libg.a(libc_a-malign.o)
                0x0011467c                memalign
 .text.printf   0x001146a4       0x34 D:/devkitPro/devkitARM/bin/../lib/gcc/arm-none-eabi/15.2.0/../../../../arm-none-eabi/lib/armv6k/fpu\libg.a(libc_a-printf.o)
                0x001146a4                printf
 .text._strtoul_l.isra.0
                0x001146d8      0x1ec D:/devkitPro/devkitARM/bin/../lib/gcc/arm-none-eabi/15.2.0/../../../../arm-none-eabi/lib/armv6k/fpu\libg.a(libc_a-strtoul.o)
 .text.strtoul  0x001148c4       0x3c D:/devkitPro/devkitARM/bin/../lib/gcc/arm-none-eabi/15.2.0/../../../../arm-none-eabi/lib/armv6k/fpu\libg.a(libc_a-strtoul.o)
                0x001148c4                strtoul
 .text.strchr   0x00114900      0x140 D:/devkitPro/devkitARM/bin/../lib/gcc/arm-none-eabi/15.2.0/../../../../arm-none-eabi/lib/armv6k/fpu\libg.a(libc_a-strchr.o)
                0x00114900                strchr
 .text.memcmp   0x00114a40       0xd8 D:/devkitPro/devkitARM/bin/../lib/gcc/arm-none-eabi/15.2.0/../../../../arm-none-eabi/lib/armv6k/fpu\libg.a(libc_a-memcmp.o)
                0x00114a40                memcmp
 .text.calloc   0x00114b18       0x28 D:/devkitPro/devkitARM/bin/../lib/gcc/arm-none-eabi/15.2.0/../../../../arm-none-eabi/lib/armv6k/fpu\libg.a(libc_a-calloc.o)
                0x00114b18                calloc
 .text._memalign_r
                0x00114b40      0x16c D:/devkitPro/devkitARM/bin/../lib/gcc/arm-none-eabi/15.2.0/../../../../arm-none-eabi/lib/armv6k/fpu\libg.a(libc_a-malignr.o)
                0x00114b40                _memalign_r
 .text.__errno  0x00114cac        0xc D:/devkitPro/devkitARM/bin/../lib/gcc/arm-none-eabi/15.2.0/../../../../arm-none-eabi/lib/armv6k/fpu\libg.a(libc_a-errno.o)
                0x00114cac                __errno
 .text.__smakebuf_r
                0x00114cb8      0x164 D:/devkitPro/devkitARM/bin/../lib/gcc/arm-none-eabi/15.2.0/../../../../arm-none-eabi/lib/armv6k/fpu\libg.a(libc_a-makebuf.o)
                0x00114cb8                __smakebuf_r
 .text.__swhatbuf_r
                0x00114e1c       0x90 D:/devkitPro/devkitARM/bin/../lib/gcc/arm-none-eabi/15.2.0/../../../../arm-none-eabi/lib/armv6k/fpu\libg.a(libc_a-makebuf.o)
                0x00114e1c                __swhatbuf_r
 .text.memset   0x00114eac       0xe4 D:/devkitPro/devkitARM/bin/../lib/gcc/arm-none-eabi/15.2.0/../../../../arm-none-eabi/lib/armv6k/fpu\libg.a(libc_a-memset.o)
                0x00114eac                memset
 .text._calloc_r
                0x00114f90       0xd8 D:/devkitPro/devkitARM/bin/../lib/gcc/arm-none-eabi/15.2.0/../../../../arm-none-eabi/lib/armv6k/fpu\libg.a(libc_a-callocr.o)
                0x00114f90                _calloc_r
 .text.__sflush_r
                0x00115068      0x22c D:/devkitPro/devkitARM/bin/../lib/gcc/arm-none-eabi/15.2.0/../../../../arm-none-eabi/lib/armv6k/fpu\libg.a(libc_a-fflush.o)
                0x00115068                __sflush_r
 .text._fflush_r
                0x00115294       0xc4 D:/devkitPro/devkitARM/bin/../lib/gcc/arm-none-eabi/15.2.0/../../../../arm-none-eabi/lib/armv6k/fpu\libg.a(libc_a-fflush.o)
                0x00115294                _fflush_r
 .text._malloc_r
                0x00115358      0x82c D:/devkitPro/devkitARM/bin/../lib/gcc/arm-none-eabi/15.2.0/../../../../arm-none-eabi/lib/armv6k/fpu\libg.a(libc_a-mallocr.o)
                0x00115358                _malloc_r
 .text._malloc_trim_r
                0x00115b84      0x114 D:/devkitPro/devkitARM/bin/../lib/gcc/arm-none-eabi/15.2.0/../../../../arm-none-eabi/lib/armv6k/fpu\libg.a(libc_a-freer.o)
                0x00115b84                _malloc_trim_r
 .text._free_r  0x00115c98      0x314 D:/devkitPro/devkitARM/bin/../lib/gcc/arm-none-eabi/15.2.0/../../../../arm-none-eabi/lib/armv6k/fpu\libg.a(libc_a-freer.o)
                0x00115c98                _free_r
 .text.setvbuf  0x00115fac      0x294 D:/devkitPro/devkitARM/bin/../lib/gcc/arm-none-eabi/15.2.0/../../../../arm-none-eabi/lib/armv6k/fpu\libg.a(libc_a-setvbuf.o)
                0x00115fac                setvbuf
 .text.stdio_exit_handler
                0x00116240       0x1c D:/devkitPro/devkitARM/bin/../lib/gcc/arm-none-eabi/15.2.0/../../../../arm-none-eabi/lib/armv6k/fpu\libg.a(libc_a-findfp.o)
 .text.cleanup_stdio
                0x0011625c       0x5c D:/devkitPro/devkitARM/bin/../lib/gcc/arm-none-eabi/15.2.0/../../../../arm-none-eabi/lib/armv6k/fpu\libg.a(libc_a-findfp.o)
 .text.global_stdio_init.part.0
                0x001162b8      0x154 D:/devkitPro/devkitARM/bin/../lib/gcc/arm-none-eabi/15.2.0/../../../../arm-none-eabi/lib/armv6k/fpu\libg.a(libc_a-findfp.o)
 .text.__sfp    0x0011640c      0x138 D:/devkitPro/devkitARM/bin/../lib/gcc/arm-none-eabi/15.2.0/../../../../arm-none-eabi/lib/armv6k/fpu\libg.a(libc_a-findfp.o)
                0x0011640c                __sfp
 .text.__sinit  0x00116544       0x5c D:/devkitPro/devkitARM/bin/../lib/gcc/arm-none-eabi/15.2.0/../../../../arm-none-eabi/lib/armv6k/fpu\libg.a(libc_a-findfp.o)
                0x00116544                __sinit
 .text.__sfp_lock_acquire
                0x001165a0        0xc D:/devkitPro/devkitARM/bin/../lib/gcc/arm-none-eabi/15.2.0/../../../../arm-none-eabi/lib/armv6k/fpu\libg.a(libc_a-findfp.o)
                0x001165a0                __sfp_lock_acquire
 .text.__sfp_lock_release
                0x001165ac        0xc D:/devkitPro/devkitARM/bin/../lib/gcc/arm-none-eabi/15.2.0/../../../../arm-none-eabi/lib/armv6k/fpu\libg.a(libc_a-findfp.o)
                0x001165ac                __sfp_lock_release
 .text.__libc_init_array
                0x001165b8       0x84 D:/devkitPro/devkitARM/bin/../lib/gcc/arm-none-eabi/15.2.0/../../../../arm-none-eabi/lib/armv6k/fpu\libg.a(libc_a-init.o)
                0x001165b8                __libc_init_array
 .text.strncpy  0x0011663c       0xd4 D:/devkitPro/devkitARM/bin/../lib/gcc/arm-none-eabi/15.2.0/../../../../arm-none-eabi/lib/armv6k/fpu\libg.a(libc_a-strncpy.o)
                0x0011663c                strncpy
 .text._fseek_r
                0x00116710       0x1c D:/devkitPro/devkitARM/bin/../lib/gcc/arm-none-eabi/15.2.0/../../../../arm-none-eabi/lib/armv6k/fpu\libg.a(libc_a-fseek.o)
                0x00116710                _fseek_r
 .text.malloc   0x0011672c       0x40 D:/devkitPro/devkitARM/bin/../lib/gcc/arm-none-eabi/15.2.0/../../../../arm-none-eabi/lib/armv6k/fpu\libg.a(libc_a-malloc.o)
                0x0011672c                malloc
 .text.free     0x0011676c       0x20 D:/devkitPro/devkitARM/bin/../lib/gcc/arm-none-eabi/15.2.0/../../../../arm-none-eabi/lib/armv6k/fpu\libg.a(libc_a-malloc.o)
                0x0011676c                free
 .text._puts_r  0x0011678c       0xe0 D:/devkitPro/devkitARM/bin/../lib/gcc/arm-none-eabi/15.2.0/../../../../arm-none-eabi/lib/armv6k/fpu\libg.a(libc_a-puts.o)
                0x0011678c                _puts_r
 .text.puts     0x0011686c       0x20 D:/devkitPro/devkitARM/bin/../lib/gcc/arm-none-eabi/15.2.0/../../../../arm-none-eabi/lib/armv6k/fpu\libg.a(libc_a-puts.o)
                0x0011686c                puts
 .text.__sread  0x0011688c       0x44 D:/devkitPro/devkitARM/bin/../lib/gcc/arm-none-eabi/15.2.0/../../../../arm-none-eabi/lib/armv6k/fpu\libg.a(libc_a-stdio.o)
                0x0011688c                __sread
 .text.__swrite
                0x001168d0       0x68 D:/devkitPro/devkitARM/bin/../lib/gcc/arm-none-eabi/15.2.0/../../../../arm-none-eabi/lib/armv6k/fpu\libg.a(libc_a-stdio.o)
                0x001168d0                __swrite
 .text.__sseek  0x00116938       0x40 D:/devkitPro/devkitARM/bin/../lib/gcc/arm-none-eabi/15.2.0/../../../../arm-none-eabi/lib/armv6k/fpu\libg.a(libc_a-stdio.o)
                0x00116938                __sseek
 .text.__sclose
                0x00116978        0x8 D:/devkitPro/devkitARM/bin/../lib/gcc/arm-none-eabi/15.2.0/../../../../arm-none-eabi/lib/armv6k/fpu\libg.a(libc_a-stdio.o)
                0x00116978                __sclose
 .text.__malloc_lock
                0x00116980        0xc D:/devkitPro/devkitARM/bin/../lib/gcc/arm-none-eabi/15.2.0/../../../../arm-none-eabi/lib/armv6k/fpu\libg.a(libc_a-mlock.o)
                0x00116980                __malloc_lock
 .text.__malloc_unlock
                0x0011698c        0xc D:/devkitPro/devkitARM/bin/../lib/gcc/arm-none-eabi/15.2.0/../../../../arm-none-eabi/lib/armv6k/fpu\libg.a(libc_a-mlock.o)
                0x0011698c                __malloc_unlock
 .text._fseeko_r
                0x00116998      0x588 D:/devkitPro/devkitARM/bin/../lib/gcc/arm-none-eabi/15.2.0/../../../../arm-none-eabi/lib/armv6k/fpu\libg.a(libc_a-fseeko.o)
                0x00116998                _fseeko_r
 .text._fclose_r
                0x00116f20      0x148 D:/devkitPro/devkitARM/bin/../lib/gcc/arm-none-eabi/15.2.0/../../../../arm-none-eabi/lib/armv6k/fpu\libg.a(libc_a-fclose.o)
                0x00116f20                _fclose_r
 .text.fclose   0x00117068       0x20 D:/devkitPro/devkitARM/bin/../lib/gcc/arm-none-eabi/15.2.0/../../../../arm-none-eabi/lib/armv6k/fpu\libg.a(libc_a-fclose.o)
                0x00117068                fclose
 .text.time     0x00117088       0x48 D:/devkitPro/devkitARM/bin/../lib/gcc/arm-none-eabi/15.2.0/../../../../arm-none-eabi/lib/armv6k/fpu\libg.a(libc_a-time.o)
                0x00117088                time
 .text.__call_exitprocs
                0x001170d0        0x4 D:/devkitPro/devkitARM/bin/../lib/gcc/arm-none-eabi/15.2.0/../../../../arm-none-eabi/lib/armv6k/fpu\libg.a(libc_a-exit.o)
                0x001170d0                __call_exitprocs
 .text.exit     0x001170d4       0x30 D:/devkitPro/devkitARM/bin/../lib/gcc/arm-none-eabi/15.2.0/../../../../arm-none-eabi/lib/armv6k/fpu\libg.a(libc_a-exit.o)
                0x001170d4                exit
 .text.__sflags
                0x00117104       0xb8 D:/devkitPro/devkitARM/bin/../lib/gcc/arm-none-eabi/15.2.0/../../../../arm-none-eabi/lib/armv6k/fpu\libg.a(libc_a-flags.o)
                0x00117104                __sflags
 .text.__libc_fini_array
                0x001171bc       0x3c D:/devkitPro/devkitARM/bin/../lib/gcc/arm-none-eabi/15.2.0/../../../../arm-none-eabi/lib/armv6k/fpu\libg.a(libc_a-fini.o)
                0x001171bc                __libc_fini_array
 .text.strnlen  0x001171f8       0x3c D:/devkitPro/devkitARM/bin/../lib/gcc/arm-none-eabi/15.2.0/../../../../arm-none-eabi/lib/armv6k/fpu\libg.a(libc_a-strnlen.o)
                0x001171f8                strnlen
 .text.strncmp  0x00117234       0xd8 D:/devkitPro/devkitARM/bin/../lib/gcc/arm-none-eabi/15.2.0/../../../../arm-none-eabi/lib/armv6k/fpu\libg.a(libc_a-strncmp.o)
                0x00117234                strncmp
 .text.lflush   0x0011730c       0x38 D:/devkitPro/devkitARM/bin/../lib/gcc/arm-none-eabi/15.2.0/../../../../arm-none-eabi/lib/armv6k/fpu\libg.a(libc_a-refill.o)
 .text.__srefill_r
                0x00117344      0x1a8 D:/devkitPro/devkitARM/bin/../lib/gcc/arm-none-eabi/15.2.0/../../../../arm-none-eabi/lib/armv6k/fpu\libg.a(libc_a-refill.o)
                0x00117344                __srefill_r
 .text._fwalk_sglue
                0x001174ec       0x70 D:/devkitPro/devkitARM/bin/../lib/gcc/arm-none-eabi/15.2.0/../../../../arm-none-eabi/lib/armv6k/fpu\libg.a(libc_a-fwalk.o)
                0x001174ec                _fwalk_sglue
 .text.get_arg  0x0011755c      0x5e0 D:/devkitPro/devkitARM/bin/../lib/gcc/arm-none-eabi/15.2.0/../../../../arm-none-eabi/lib/armv6k/fpu\libg.a(libc_a-vfprintf.o)
 *fill*         0x00117b3c        0x4 
 .text._vfprintf_r
                0x00117b40     0x3554 D:/devkitPro/devkitARM/bin/../lib/gcc/arm-none-eabi/15.2.0/../../../../arm-none-eabi/lib/armv6k/fpu\libg.a(libc_a-vfprintf.o)
                0x00117b40                _vfprintf_r
 .text.__sbprintf
                0x0011b094       0xb4 D:/devkitPro/devkitARM/bin/../lib/gcc/arm-none-eabi/15.2.0/../../../../arm-none-eabi/lib/armv6k/fpu\libg.a(libc_a-vfprintf.o)
 .text._wcrtomb_r
                0x0011b148       0xa0 D:/devkitPro/devkitARM/bin/../lib/gcc/arm-none-eabi/15.2.0/../../../../arm-none-eabi/lib/armv6k/fpu\libg.a(libc_a-wcrtomb.o)
                0x0011b148                _wcrtomb_r
 .text.__sfvwrite_r
                0x0011b1e8      0x4a4 D:/devkitPro/devkitARM/bin/../lib/gcc/arm-none-eabi/15.2.0/../../../../arm-none-eabi/lib/armv6k/fpu\libg.a(libc_a-fvwrite.o)
                0x0011b1e8                __sfvwrite_r
 .text.__locale_mb_cur_max
                0x0011b68c       0x24 D:/devkitPro/devkitARM/bin/../lib/gcc/arm-none-eabi/15.2.0/../../../../arm-none-eabi/lib/armv6k/fpu\libg.a(libc_a-locale.o)
                0x0011b68c                __locale_mb_cur_max
 .text.__sprint_r
                0x0011b6b0       0x30 D:/devkitPro/devkitARM/bin/../lib/gcc/arm-none-eabi/15.2.0/../../../../arm-none-eabi/lib/armv6k/fpu\libg.a(libc_a-sprint_r.o)
                0x0011b6b0                __sprint_r
 .text.quorem   0x0011b6e0      0x1c0 D:/devkitPro/devkitARM/bin/../lib/gcc/arm-none-eabi/15.2.0/../../../../arm-none-eabi/lib/armv6k/fpu\libg.a(libc_a-dtoa.o)
 .text._dtoa_r  0x0011b8a0     0x1420 D:/devkitPro/devkitARM/bin/../lib/gcc/arm-none-eabi/15.2.0/../../../../arm-none-eabi/lib/armv6k/fpu\libg.a(libc_a-dtoa.o)
                0x0011b8a0                _dtoa_r
 .text.memchr   0x0011ccc0       0xe8 D:/devkitPro/devkitARM/bin/../lib/gcc/arm-none-eabi/15.2.0/../../../../arm-none-eabi/lib/armv6k/fpu\libg.a(libc_a-memchr-stub.o)
                0x0011ccc0                memchr
 .text._wcsrtombs_r
                0x0011cda8       0x28 D:/devkitPro/devkitARM/bin/../lib/gcc/arm-none-eabi/15.2.0/../../../../arm-none-eabi/lib/armv6k/fpu\libg.a(libc_a-wcsrtombs.o)
                0x0011cda8                _wcsrtombs_r
 .text.__swsetup_r
                0x0011cdd0      0x140 D:/devkitPro/devkitARM/bin/../lib/gcc/arm-none-eabi/15.2.0/../../../../arm-none-eabi/lib/armv6k/fpu\libg.a(libc_a-wsetup.o)
                0x0011cdd0                __swsetup_r
 .text._localeconv_r
                0x0011cf10       0x24 D:/devkitPro/devkitARM/bin/../lib/gcc/arm-none-eabi/15.2.0/../../../../arm-none-eabi/lib/armv6k/fpu\libg.a(libc_a-localeconv.o)
                0x0011cf10                _localeconv_r
 .text.memmove  0x0011cf34      0x1a8 D:/devkitPro/devkitARM/bin/../lib/gcc/arm-none-eabi/15.2.0/../../../../arm-none-eabi/lib/armv6k/fpu\libg.a(libc_a-memmove.o)
                0x0011cf34                memmove
 .text._realloc_r
                0x0011d0dc      0x4f0 D:/devkitPro/devkitARM/bin/../lib/gcc/arm-none-eabi/15.2.0/../../../../arm-none-eabi/lib/armv6k/fpu\libg.a(libc_a-reallocr.o)
                0x0011d0dc                _realloc_r
 .text.__utf8_wctomb
                0x0011d5cc       0xf8 D:/devkitPro/devkitARM/bin/../lib/gcc/arm-none-eabi/15.2.0/../../../../arm-none-eabi/lib/armv6k/fpu\libg.a(libc_a-wctomb_r.o)
                0x0011d5cc                __utf8_wctomb
 .text._wcsnrtombs_l
                0x0011d6c4      0x15c D:/devkitPro/devkitARM/bin/../lib/gcc/arm-none-eabi/15.2.0/../../../../arm-none-eabi/lib/armv6k/fpu\libg.a(libc_a-wcsnrtombs.o)
                0x0011d6c4                _wcsnrtombs_l
 .text._wcsnrtombs_r
                0x0011d820       0x64 D:/devkitPro/devkitARM/bin/../lib/gcc/arm-none-eabi/15.2.0/../../../../arm-none-eabi/lib/armv6k/fpu\libg.a(libc_a-wcsnrtombs.o)
                0x0011d820                _wcsnrtombs_r
 *fill*         0x0011d884        0x4 
 .text.frexp    0x0011d888       0x88 D:/devkitPro/devkitARM/bin/../lib/gcc/arm-none-eabi/15.2.0/../../../../arm-none-eabi/lib/armv6k/fpu\libg.a(libm_a-s_frexp.o)
                0x0011d888                frexp
 .text.__assert_func
                0x0011d910       0x5c D:/devkitPro/devkitARM/bin/../lib/gcc/arm-none-eabi/15.2.0/../../../../arm-none-eabi/lib/armv6k/fpu\libg.a(libc_a-assert.o)
                0x0011d910                __assert_func
 .text._Balloc  0x0011d96c       0x88 D:/devkitPro/devkitARM/bin/../lib/gcc/arm-none-eabi/15.2.0/../../../../arm-none-eabi/lib/armv6k/fpu\libg.a(libc_a-mprec.o)
                0x0011d96c                _Balloc
 .text._Bfree   0x0011d9f4       0x1c D:/devkitPro/devkitARM/bin/../lib/gcc/arm-none-eabi/15.2.0/../../../../arm-none-eabi/lib/armv6k/fpu\libg.a(libc_a-mprec.o)
                0x0011d9f4                _Bfree
 .text.__multadd
                0x0011da10       0xf4 D:/devkitPro/devkitARM/bin/../lib/gcc/arm-none-eabi/15.2.0/../../../../arm-none-eabi/lib/armv6k/fpu\libg.a(libc_a-mprec.o)
                0x0011da10                __multadd
 .text.__hi0bits
                0x0011db04       0x80 D:/devkitPro/devkitARM/bin/../lib/gcc/arm-none-eabi/15.2.0/../../../../arm-none-eabi/lib/armv6k/fpu\libg.a(libc_a-mprec.o)
                0x0011db04                __hi0bits
 .text.__lo0bits
                0x0011db84       0xf0 D:/devkitPro/devkitARM/bin/../lib/gcc/arm-none-eabi/15.2.0/../../../../arm-none-eabi/lib/armv6k/fpu\libg.a(libc_a-mprec.o)
                0x0011db84                __lo0bits
 .text.__i2b    0x0011dc74       0xa4 D:/devkitPro/devkitARM/bin/../lib/gcc/arm-none-eabi/15.2.0/../../../../arm-none-eabi/lib/armv6k/fpu\libg.a(libc_a-mprec.o)
                0x0011dc74                __i2b
 .text.__multiply
                0x0011dd18      0x230 D:/devkitPro/devkitARM/bin/../lib/gcc/arm-none-eabi/15.2.0/../../../../arm-none-eabi/lib/armv6k/fpu\libg.a(libc_a-mprec.o)
                0x0011dd18                __multiply
 .text.__pow5mult
                0x0011df48      0x130 D:/devkitPro/devkitARM/bin/../lib/gcc/arm-none-eabi/15.2.0/../../../../arm-none-eabi/lib/armv6k/fpu\libg.a(libc_a-mprec.o)
                0x0011df48                __pow5mult
 .text.__lshift
                0x0011e078      0x138 D:/devkitPro/devkitARM/bin/../lib/gcc/arm-none-eabi/15.2.0/../../../../arm-none-eabi/lib/armv6k/fpu\libg.a(libc_a-mprec.o)
                0x0011e078                __lshift
 .text.__mcmp   0x0011e1b0       0x58 D:/devkitPro/devkitARM/bin/../lib/gcc/arm-none-eabi/15.2.0/../../../../arm-none-eabi/lib/armv6k/fpu\libg.a(libc_a-mprec.o)
                0x0011e1b0                __mcmp
 .text.__mdiff  0x0011e208      0x218 D:/devkitPro/devkitARM/bin/../lib/gcc/arm-none-eabi/15.2.0/../../../../arm-none-eabi/lib/armv6k/fpu\libg.a(libc_a-mprec.o)
                0x0011e208                __mdiff
 .text.__d2b    0x0011e420      0x120 D:/devkitPro/devkitARM/bin/../lib/gcc/arm-none-eabi/15.2.0/../../../../arm-none-eabi/lib/armv6k/fpu\libg.a(libc_a-mprec.o)
                0x0011e420                __d2b
 .text.__utf8_mbtowc
                0x0011e540      0x340 D:/devkitPro/devkitARM/bin/../lib/gcc/arm-none-eabi/15.2.0/../../../../arm-none-eabi/lib/armv6k/fpu\libg.a(libc_a-mbtowc_r.o)
                0x0011e540                __utf8_mbtowc
 .text.fiprintf
                0x0011e880       0x3c D:/devkitPro/devkitARM/bin/../lib/gcc/arm-none-eabi/15.2.0/../../../../arm-none-eabi/lib/armv6k/fpu\libg.a(libc_a-fiprintf.o)
                0x0011e880                fiprintf
 .text.abort    0x0011e8bc       0x14 D:/devkitPro/devkitARM/bin/../lib/gcc/arm-none-eabi/15.2.0/../../../../arm-none-eabi/lib/armv6k/fpu\libg.a(libc_a-abort.o)
                0x0011e8bc                abort
 .text.get_arg  0x0011e8d0      0x5e0 D:/devkitPro/devkitARM/bin/../lib/gcc/arm-none-eabi/15.2.0/../../../../arm-none-eabi/lib/armv6k/fpu\libg.a(libc_a-vfiprintf.o)
 .text._vfiprintf_r
                0x0011eeb0     0x22f8 D:/devkitPro/devkitARM/bin/../lib/gcc/arm-none-eabi/15.2.0/../../../../arm-none-eabi/lib/armv6k/fpu\libg.a(libc_a-vfiprintf.o)
                0x0011eeb0                _vfiprintf_r
 .text.__sbprintf
                0x001211a8       0xb4 D:/devkitPro/devkitARM/bin/../lib/gcc/arm-none-eabi/15.2.0/../../../../arm-none-eabi/lib/armv6k/fpu\libg.a(libc_a-vfiprintf.o)
 .text._raise_r
                0x0012125c       0x9c D:/devkitPro/devkitARM/bin/../lib/gcc/arm-none-eabi/15.2.0/../../../../arm-none-eabi/lib/armv6k/fpu\libg.a(libc_a-signal.o)
                0x0012125c                _raise_r
 .text.raise    0x001212f8       0x20 D:/devkitPro/devkitARM/bin/../lib/gcc/arm-none-eabi/15.2.0/../../../../arm-none-eabi/lib/armv6k/fpu\libg.a(libc_a-signal.o)
                0x001212f8                raise
 .text._exit    0x00121318       0x20 D:/devkitPro/devkitARM/bin/../lib/gcc/arm-none-eabi/15.2.0/../../../../arm-none-eabi/lib/armv6k/fpu\libsysbase.a(libsysbase_libsysbase_a-_exit.o)
                0x00121318                _exit
 .text.chdir    0x00121338      0x140 D:/devkitPro/devkitARM/bin/../lib/gcc/arm-none-eabi/15.2.0/../../../../arm-none-eabi/lib/armv6k/fpu\libsysbase.a(libsysbase_libsysbase_a-chdir.o)
                0x00121338                chdir
 .text._concatenate_path
                0x00121478      0x1c8 D:/devkitPro/devkitARM/bin/../lib/gcc/arm-none-eabi/15.2.0/../../../../arm-none-eabi/lib/armv6k/fpu\libsysbase.a(libsysbase_libsysbase_a-concatenate.o)
                0x00121478                _concatenate_path
 .text._fstat_r
                0x00121640       0x9c D:/devkitPro/devkitARM/bin/../lib/gcc/arm-none-eabi/15.2.0/../../../../arm-none-eabi/lib/armv6k/fpu\libsysbase.a(libsysbase_libsysbase_a-fstat.o)
                0x00121640                _fstat_r
 .text._getpid_r
                0x001216dc       0x14 D:/devkitPro/devkitARM/bin/../lib/gcc/arm-none-eabi/15.2.0/../../../../arm-none-eabi/lib/armv6k/fpu\libsysbase.a(libsysbase_libsysbase_a-getpid.o)
                0x001216dc                _getpid_r
 .text.__getreent
                0x001216f0       0x2c D:/devkitPro/devkitARM/bin/../lib/gcc/arm-none-eabi/15.2.0/../../../../arm-none-eabi/lib/armv6k/fpu\libsysbase.a(libsysbase_libsysbase_a-getreent.o)
                0x001216f0                __getreent
 .text._gettimeofday_r
                0x0012171c       0x30 D:/devkitPro/devkitARM/bin/../lib/gcc/arm-none-eabi/15.2.0/../../../../arm-none-eabi/lib/armv6k/fpu\libsysbase.a(libsysbase_libsysbase_a-gettod.o)
                0x0012171c                _gettimeofday_r
 .text.__release_handle
                0x0012174c       0xa0 D:/devkitPro/devkitARM/bin/../lib/gcc/arm-none-eabi/15.2.0/../../../../arm-none-eabi/lib/armv6k/fpu\libsysbase.a(libsysbase_libsysbase_a-handle_manager.o)
                0x0012174c                __release_handle
 .text.__alloc_handle
                0x001217ec       0xb0 D:/devkitPro/devkitARM/bin/../lib/gcc/arm-none-eabi/15.2.0/../../../../arm-none-eabi/lib/armv6k/fpu\libsysbase.a(libsysbase_libsysbase_a-handle_manager.o)
                0x001217ec                __alloc_handle
 .text.__get_handle
                0x0012189c       0x58 D:/devkitPro/devkitARM/bin/../lib/gcc/arm-none-eabi/15.2.0/../../../../arm-none-eabi/lib/armv6k/fpu\libsysbase.a(libsysbase_libsysbase_a-handle_manager.o)
                0x0012189c                __get_handle
 .text._close_r
                0x001218f4      0x110 D:/devkitPro/devkitARM/bin/../lib/gcc/arm-none-eabi/15.2.0/../../../../arm-none-eabi/lib/armv6k/fpu\libsysbase.a(libsysbase_libsysbase_a-handle_manager.o)
                0x001218f4                _close_r
 .text.null_write
                0x00121a04        0x8 D:/devkitPro/devkitARM/bin/../lib/gcc/arm-none-eabi/15.2.0/../../../../arm-none-eabi/lib/armv6k/fpu\libsysbase.a(libsysbase_libsysbase_a-iosupport.o)
 .text.setDefaultDevice
                0x00121a0c       0x18 D:/devkitPro/devkitARM/bin/../lib/gcc/arm-none-eabi/15.2.0/../../../../arm-none-eabi/lib/armv6k/fpu\libsysbase.a(libsysbase_libsysbase_a-iosupport.o)
                0x00121a0c                setDefaultDevice
 .text.FindDevice
                0x00121a24       0x98 D:/devkitPro/devkitARM/bin/../lib/gcc/arm-none-eabi/15.2.0/../../../../arm-none-eabi/lib/armv6k/fpu\libsysbase.a(libsysbase_libsysbase_a-iosupport.o)
                0x00121a24                FindDevice
 .text.RemoveDevice
                0x00121abc       0x24 D:/devkitPro/devkitARM/bin/../lib/gcc/arm-none-eabi/15.2.0/../../../../arm-none-eabi/lib/armv6k/fpu\libsysbase.a(libsysbase_libsysbase_a-iosupport.o)
                0x00121abc                RemoveDevice
 .text.AddDevice
                0x00121ae0       0x88 D:/devkitPro/devkitARM/bin/../lib/gcc/arm-none-eabi/15.2.0/../../../../arm-none-eabi/lib/armv6k/fpu\libsysbase.a(libsysbase_libsysbase_a-iosupport.o)
                0x00121ae0                AddDevice
 .text.GetDeviceOpTab
                0x00121b68       0x20 D:/devkitPro/devkitARM/bin/../lib/gcc/arm-none-eabi/15.2.0/../../../../arm-none-eabi/lib/armv6k/fpu\libsysbase.a(libsysbase_libsysbase_a-iosupport.o)
                0x00121b68                GetDeviceOpTab
 .text._isatty_r
                0x00121b88        0x8 D:/devkitPro/devkitARM/bin/../lib/gcc/arm-none-eabi/15.2.0/../../../../arm-none-eabi/lib/armv6k/fpu\libsysbase.a(libsysbase_libsysbase_a-isatty.o)
                0x00121b88                _isatty_r
 .text._kill_r  0x00121b90       0x14 D:/devkitPro/devkitARM/bin/../lib/gcc/arm-none-eabi/15.2.0/../../../../arm-none-eabi/lib/armv6k/fpu\libsysbase.a(libsysbase_libsysbase_a-kill.o)
                0x00121b90                _kill_r
 .text._lseek_r
                0x00121ba4       0x94 D:/devkitPro/devkitARM/bin/../lib/gcc/arm-none-eabi/15.2.0/../../../../arm-none-eabi/lib/armv6k/fpu\libsysbase.a(libsysbase_libsysbase_a-lseek.o)
                0x00121ba4                _lseek_r
 .text._open_r  0x00121c38       0xc0 D:/devkitPro/devkitARM/bin/../lib/gcc/arm-none-eabi/15.2.0/../../../../arm-none-eabi/lib/armv6k/fpu\libsysbase.a(libsysbase_libsysbase_a-open.o)
                0x00121c38                _open_r
 .text._read_r  0x00121cf8       0x94 D:/devkitPro/devkitARM/bin/../lib/gcc/arm-none-eabi/15.2.0/../../../../arm-none-eabi/lib/armv6k/fpu\libsysbase.a(libsysbase_libsysbase_a-read.o)
                0x00121cf8                _read_r
 .text._sbrk_r  0x00121d8c       0x78 D:/devkitPro/devkitARM/bin/../lib/gcc/arm-none-eabi/15.2.0/../../../../arm-none-eabi/lib/armv6k/fpu\libsysbase.a(libsysbase_libsysbase_a-sbrk.o)
                0x00121d8c                _sbrk_r
 .text.__libc_lock_acquire
                0x00121e04       0x1c D:/devkitPro/devkitARM/bin/../lib/gcc/arm-none-eabi/15.2.0/../../../../arm-none-eabi/lib/armv6k/fpu\libsysbase.a(libsysbase_libsysbase_a-syscall_support.o)
                0x00121e04                __libc_lock_acquire
 .text.__libc_lock_release
                0x00121e20       0x1c D:/devkitPro/devkitARM/bin/../lib/gcc/arm-none-eabi/15.2.0/../../../../arm-none-eabi/lib/armv6k/fpu\libsysbase.a(libsysbase_libsysbase_a-syscall_support.o)
                0x00121e20                __libc_lock_release
 .text.__libc_lock_acquire_recursive
                0x00121e3c       0x1c D:/devkitPro/devkitARM/bin/../lib/gcc/arm-none-eabi/15.2.0/../../../../arm-none-eabi/lib/armv6k/fpu\libsysbase.a(libsysbase_libsysbase_a-syscall_support.o)
                0x00121e3c                __libc_lock_acquire_recursive
 .text.__libc_lock_release_recursive
                0x00121e58       0x1c D:/devkitPro/devkitARM/bin/../lib/gcc/arm-none-eabi/15.2.0/../../../../arm-none-eabi/lib/armv6k/fpu\libsysbase.a(libsysbase_libsysbase_a-syscall_support.o)
                0x00121e58                __libc_lock_release_recursive
 .text._write_r
                0x00121e74       0x94 D:/devkitPro/devkitARM/bin/../lib/gcc/arm-none-eabi/15.2.0/../../../../arm-none-eabi/lib/armv6k/fpu\libsysbase.a(libsysbase_libsysbase_a-write.o)
                0x00121e74                _write_r
 .text.strrchr  0x00121f08       0x48 D:/devkitPro/devkitARM/bin/../lib/gcc/arm-none-eabi/15.2.0/../../../../arm-none-eabi/lib/armv6k/fpu\libg.a(libc_a-strrchr.o)
                0x00121f08                strrchr
 *(.glue_7)
 .glue_7        0x00121f50        0x0 linker stubs
 *(.glue_7t)
 .glue_7t       0x00121f50        0x0 linker stubs
 *(.stub)
 *(.gnu.warning)
 *(.gnu.linkonce.t*)
                0x00121f50                        . = ALIGN (0x4)
 *(.fini)
 .fini          0x00121f50        0xc D:/devkitPro/devkitARM/bin/../lib/gcc/arm-none-eabi/15.2.0/armv6k/fpu/crti.o
                0x00121f50                _fini
 .fini          0x00121f5c        0xc D:/devkitPro/devkitARM/bin/../lib/gcc/arm-none-eabi/15.2.0/armv6k/fpu/crtn.o
                0x00121f68                        . = ALIGN (0x4)

.vfp11_veneer   0x00121f68        0x0
 .vfp11_veneer  0x00121f68        0x0 linker stubs

.v4_bx          0x00121f68        0x0
 .v4_bx         0x00121f68        0x0 linker stubs

.iplt           0x00121f68        0x0
 .iplt          0x00121f68        0x0 D:/devkitPro/devkitARM/bin/../lib/gcc/arm-none-eabi/15.2.0/../../../../arm-none-eabi/lib/armv6k/fpu/3dsx_crt0.o
                0x00122000                        . = ALIGN (0x1000)

.rodata         0x00122000     0x1a20
 *(.rodata)